Component: ARM Compiler 6.13.1 Tool: armlink [5d895400]

==============================================================================

Section Cross References

    main.o(.text.main) refers to stm32f4xx_hal.o(.text.HAL_Init) for HAL_Init
    main.o(.text.main) refers to usart.o(.text.USART_Init) for USART_Init
    main.o(.text.main) refers to stm32f4xx_hal_gpio.o(.text.HAL_GPIO_Init) for HAL_GPIO_Init
    main.o(.text.main) refers to usart.o(.text.USART_PutChar) for USART_PutChar
    main.o(.text.main) refers to usart.o(.text.USART_WriteString) for USART_WriteString
    main.o(.text.main) refers to usart.o(.text.USART_GetChar) for USART_GetChar
    main.o(.ARM.exidx.text.main) refers to main.o(.text.main) for [Anonymous Symbol]
    main.o(.text.LED_Init) refers to stm32f4xx_hal_gpio.o(.text.HAL_GPIO_Init) for HAL_GPIO_Init
    main.o(.ARM.exidx.text.LED_Init) refers to main.o(.text.LED_Init) for [Anonymous Symbol]
    delay.o(.text.SysTick_Handler) refers to delay.o(.bss.msTicks) for msTicks
    delay.o(.ARM.exidx.text.SysTick_Handler) refers to delay.o(.text.SysTick_Handler) for [Anonymous Symbol]
    delay.o(.text.delay) refers to delay.o(.bss.msTicks) for msTicks
    delay.o(.ARM.exidx.text.delay) refers to delay.o(.text.delay) for [Anonymous Symbol]
    usart.o(.text.USART_PutChar) refers to usart.o(.bss..L_MergedGlobals) for .L_MergedGlobals
    usart.o(.text.USART_PutChar) refers to ring_buffer.o(.text.RingBuffer_PutChar) for RingBuffer_PutChar
    usart.o(.ARM.exidx.text.USART_PutChar) refers to usart.o(.text.USART_PutChar) for [Anonymous Symbol]
    usart.o(.text.USART_WriteData) refers to usart.o(.bss..L_MergedGlobals) for .L_MergedGlobals
    usart.o(.text.USART_WriteData) refers to ring_buffer.o(.text.RingBuffer_PutChar) for RingBuffer_PutChar
    usart.o(.ARM.exidx.text.USART_WriteData) refers to usart.o(.text.USART_WriteData) for [Anonymous Symbol]
    usart.o(.text.USART_WriteString) refers to strlen.o(.text) for strlen
    usart.o(.text.USART_WriteString) refers to usart.o(.bss..L_MergedGlobals) for .L_MergedGlobals
    usart.o(.text.USART_WriteString) refers to ring_buffer.o(.text.RingBuffer_PutChar) for RingBuffer_PutChar
    usart.o(.ARM.exidx.text.USART_WriteString) refers to usart.o(.text.USART_WriteString) for [Anonymous Symbol]
    usart.o(.text.USART_GetChar) refers to usart.o(.bss..L_MergedGlobals) for .L_MergedGlobals
    usart.o(.text.USART_GetChar) refers to ring_buffer.o(.text.RingBuffer_GetChar) for RingBuffer_GetChar
    usart.o(.ARM.exidx.text.USART_GetChar) refers to usart.o(.text.USART_GetChar) for [Anonymous Symbol]
    usart.o(.text.USART_ReadData) refers to usart.o(.bss..L_MergedGlobals) for .L_MergedGlobals
    usart.o(.text.USART_ReadData) refers to ring_buffer.o(.text.RingBuffer_GetChar) for RingBuffer_GetChar
    usart.o(.ARM.exidx.text.USART_ReadData) refers to usart.o(.text.USART_ReadData) for [Anonymous Symbol]
    usart.o(.ARM.exidx.text.USART_SetCallback_OnNewLine) refers to usart.o(.text.USART_SetCallback_OnNewLine) for [Anonymous Symbol]
    usart.o(.text.USART1_IRQHandler) refers to usart.o(.bss..L_MergedGlobals) for .L_MergedGlobals
    usart.o(.text.USART1_IRQHandler) refers to ring_buffer.o(.text.RingBuffer_PutChar) for RingBuffer_PutChar
    usart.o(.text.USART1_IRQHandler) refers to ring_buffer.o(.text.RingBuffer_GetChar) for RingBuffer_GetChar
    usart.o(.ARM.exidx.text.USART1_IRQHandler) refers to usart.o(.text.USART1_IRQHandler) for [Anonymous Symbol]
    usart.o(.text.HAL_UART_MspInit) refers to stm32f4xx_hal_gpio.o(.text.HAL_GPIO_Init) for HAL_GPIO_Init
    usart.o(.text.HAL_UART_MspInit) refers to stm32f4xx_hal_cortex.o(.text.HAL_NVIC_SetPriority) for HAL_NVIC_SetPriority
    usart.o(.text.HAL_UART_MspInit) refers to stm32f4xx_hal_cortex.o(.text.HAL_NVIC_EnableIRQ) for HAL_NVIC_EnableIRQ
    usart.o(.ARM.exidx.text.HAL_UART_MspInit) refers to usart.o(.text.HAL_UART_MspInit) for [Anonymous Symbol]
    usart.o(.text.HAL_UART_MspDeInit) refers to stm32f4xx_hal_gpio.o(.text.HAL_GPIO_DeInit) for HAL_GPIO_DeInit
    usart.o(.text.HAL_UART_MspDeInit) refers to stm32f4xx_hal_cortex.o(.text.HAL_NVIC_DisableIRQ) for HAL_NVIC_DisableIRQ
    usart.o(.ARM.exidx.text.HAL_UART_MspDeInit) refers to usart.o(.text.HAL_UART_MspDeInit) for [Anonymous Symbol]
    usart.o(.text.USART_Init) refers to usart.o(.bss..L_MergedGlobals) for .L_MergedGlobals
    usart.o(.text.USART_Init) refers to usart.o(.bss.RingBufferData_Tx) for RingBufferData_Tx
    usart.o(.text.USART_Init) refers to ring_buffer.o(.text.RingBuffer_Init) for RingBuffer_Init
    usart.o(.text.USART_Init) refers to usart.o(.bss.RingBufferData_Rx) for RingBufferData_Rx
    usart.o(.text.USART_Init) refers to stm32f4xx_hal_gpio.o(.text.HAL_GPIO_Init) for HAL_GPIO_Init
    usart.o(.text.USART_Init) refers to stm32f4xx_hal_cortex.o(.text.HAL_NVIC_SetPriority) for HAL_NVIC_SetPriority
    usart.o(.text.USART_Init) refers to stm32f4xx_hal_cortex.o(.text.HAL_NVIC_EnableIRQ) for HAL_NVIC_EnableIRQ
[...]
    Removing stm32f4xx_hal_usart.o(.ARM.exidx.text.HAL_USART_Receive_DMA), (8 bytes).
    Removing stm32f4xx_hal_usart.o(.text.USART_DMAReceiveCplt), (114 bytes).
    Removing stm32f4xx_hal_usart.o(.ARM.exidx.text.USART_DMAReceiveCplt), (8 bytes).
    Removing stm32f4xx_hal_usart.o(.text.USART_DMARxHalfCplt), (6 bytes).
    Removing stm32f4xx_hal_usart.o(.ARM.exidx.text.USART_DMARxHalfCplt), (8 bytes).
    Removing stm32f4xx_hal_usart.o(.text.HAL_USART_TransmitReceive_DMA), (244 bytes).
    Removing stm32f4xx_hal_usart.o(.ARM.exidx.text.HAL_USART_TransmitReceive_DMA), (8 bytes).
    Removing stm32f4xx_hal_usart.o(.text.HAL_USART_DMAPause), (34 bytes).
    Removing stm32f4xx_hal_usart.o(.ARM.exidx.text.HAL_USART_DMAPause), (8 bytes).
    Removing stm32f4xx_hal_usart.o(.text.HAL_USART_DMAResume), (34 bytes).
    Removing stm32f4xx_hal_usart.o(.ARM.exidx.text.HAL_USART_DMAResume), (8 bytes).
    Removing stm32f4xx_hal_usart.o(.text.HAL_USART_DMAStop), (114 bytes).
    Removing stm32f4xx_hal_usart.o(.ARM.exidx.text.HAL_USART_DMAStop), (8 bytes).
    Removing stm32f4xx_hal_usart.o(.text.HAL_USART_Abort), (94 bytes).
    Removing stm32f4xx_hal_usart.o(.ARM.exidx.text.HAL_USART_Abort), (8 bytes).
    Removing stm32f4xx_hal_usart.o(.text.HAL_USART_Abort_IT), (160 bytes).
    Removing stm32f4xx_hal_usart.o(.ARM.exidx.text.HAL_USART_Abort_IT), (8 bytes).
    Removing stm32f4xx_hal_usart.o(.text.USART_DMATxAbortCallback), (36 bytes).
    Removing stm32f4xx_hal_usart.o(.ARM.exidx.text.USART_DMATxAbortCallback), (8 bytes).
    Removing stm32f4xx_hal_usart.o(.text.USART_DMARxAbortCallback), (36 bytes).
    Removing stm32f4xx_hal_usart.o(.ARM.exidx.text.USART_DMARxAbortCallback), (8 bytes).
    Removing stm32f4xx_hal_usart.o(.text.HAL_USART_AbortCpltCallback), (2 bytes).
    Removing stm32f4xx_hal_usart.o(.ARM.exidx.text.HAL_USART_AbortCpltCallback), (8 bytes).
    Removing stm32f4xx_hal_usart.o(.text.HAL_USART_IRQHandler), (468 bytes).
    Removing stm32f4xx_hal_usart.o(.ARM.exidx.text.HAL_USART_IRQHandler), (8 bytes).
    Removing stm32f4xx_hal_usart.o(.text.USART_Receive_IT), (124 bytes).
    Removing stm32f4xx_hal_usart.o(.ARM.exidx.text.USART_Receive_IT), (8 bytes).
    Removing stm32f4xx_hal_usart.o(.text.USART_TransmitReceive_IT), (194 bytes).
    Removing stm32f4xx_hal_usart.o(.ARM.exidx.text.USART_TransmitReceive_IT), (8 bytes).
    Removing stm32f4xx_hal_usart.o(.text.USART_DMAAbortOnError), (12 bytes).
    Removing stm32f4xx_hal_usart.o(.ARM.exidx.text.USART_DMAAbortOnError), (8 bytes).
    Removing stm32f4xx_hal_usart.o(.text.HAL_USART_ErrorCallback), (2 bytes).
    Removing stm32f4xx_hal_usart.o(.ARM.exidx.text.HAL_USART_ErrorCallback), (8 bytes).
    Removing stm32f4xx_hal_usart.o(.text.HAL_USART_TxCpltCallback), (2 bytes).
    Removing stm32f4xx_hal_usart.o(.ARM.exidx.text.HAL_USART_TxCpltCallback), (8 bytes).
    Removing stm32f4xx_hal_usart.o(.text.HAL_USART_TxHalfCpltCallback), (2 bytes).
    Removing stm32f4xx_hal_usart.o(.ARM.exidx.text.HAL_USART_TxHalfCpltCallback), (8 bytes).
    Removing stm32f4xx_hal_usart.o(.text.HAL_USART_RxCpltCallback), (2 bytes).
    Removing stm32f4xx_hal_usart.o(.ARM.exidx.text.HAL_USART_RxCpltCallback), (8 bytes).
    Removing stm32f4xx_hal_usart.o(.text.HAL_USART_RxHalfCpltCallback), (2 bytes).
    Removing stm32f4xx_hal_usart.o(.ARM.exidx.text.HAL_USART_RxHalfCpltCallback), (8 bytes).
    Removing stm32f4xx_hal_usart.o(.text.HAL_USART_TxRxCpltCallback), (2 bytes).
    Removing stm32f4xx_hal_usart.o(.ARM.exidx.text.HAL_USART_TxRxCpltCallback), (8 bytes).
    Removing stm32f4xx_hal_usart.o(.text.HAL_USART_GetState), (6 bytes).
    Removing stm32f4xx_hal_usart.o(.ARM.exidx.text.HAL_USART_GetState), (8 bytes).
    Removing stm32f4xx_hal_usart.o(.text.HAL_USART_GetError), (4 bytes).
    Removing stm32f4xx_hal_usart.o(.ARM.exidx.text.HAL_USART_GetError), (8 bytes).

482 unused section(s) (total 27454 bytes) removed from the image.

==============================================================================

Image Symbol Table

    Local Symbols

    Symbol Name                              Value     Ov Type        Size  Object(Section)

    ../clib/angel/boardlib.s                 0x00000000   Number         0  boardinit1.o ABSOLUTE
    ../clib/angel/boardlib.s                 0x00000000   Number         0  boardinit2.o ABSOLUTE
    ../clib/angel/boardlib.s                 0x00000000   Number         0  boardinit3.o ABSOLUTE
    ../clib/angel/boardlib.s                 0x00000000   Number         0  boardshut.o ABSOLUTE
    ../clib/angel/handlers.s                 0x00000000   Number         0  __scatter_copy.o ABSOLUTE
    ../clib/angel/handlers.s                 0x00000000   Number         0  __scatter_zi.o ABSOLUTE
    ../clib/angel/kernel.s                   0x00000000   Number         0  __rtentry.o ABSOLUTE
    ../clib/angel/kernel.s                   0x00000000   Number         0  __rtentry2.o ABSOLUTE
    ../clib/angel/kernel.s                   0x00000000   Number         0  __rtentry4.o ABSOLUTE
    ../clib/angel/kernel.s                   0x00000000   Number         0  rtexit.o ABSOLUTE
    ../clib/angel/kernel.s                   0x00000000   Number         0  rtexit2.o ABSOLUTE
    ../clib/angel/rt.s                       0x00000000   Number         0  aeabi_ldiv0.o ABSOLUTE
    ../clib/angel/rt.s                       0x00000000   Number         0  aeabi_ldiv0_sigfpe.o ABSOLUTE
    ../clib/angel/rt.s                       0x00000000   Number         0  rt_div0.o ABSOLUTE
    ../clib/angel/rt.s                       0x00000000   Number         0  rt_raise.o ABSOLUTE
    ../clib/angel/rt.s                       0x00000000   Number         0  rt_heap_descriptor.o ABSOLUTE
    ../clib/angel/rt.s                       0x00000000   Number         0  rt_heap_descriptor_intlibspace.o ABSOLUTE
    ../clib/angel/rt.s                       0x00000000   Number         0  rt_errno_addr.o ABSOLUTE
    ../clib/angel/rt.s                       0x00000000   Number         0  rt_errno_addr_intlibspace.o ABSOLUTE
    ../clib/angel/scatter.s                  0x00000000   Number         0  __scatter.o ABSOLUTE
    ../clib/angel/startup.s                  0x00000000   Number         0  __main.o ABSOLUTE
    ../clib/angel/sys.s                      0x00000000   Number         0  use_no_semi.o ABSOLUTE
    ../clib/angel/sys.s                      0x00000000   Number         0  mutex_dummy.o ABSOLUTE
    ../clib/angel/sys.s                      0x00000000   Number         0  indicate_semi.o ABSOLUTE
    ../clib/angel/sys.s                      0x00000000   Number         0  sys_stackheap_outer.o ABSOLUTE
    ../clib/angel/sys.s                      0x00000000   Number         0  libspace.o ABSOLUTE
    ../clib/angel/sysapp.c                   0x00000000   Number         0  sys_wrch.o ABSOLUTE
    ../clib/angel/sysapp.c                   0x00000000   Number         0  sys_exit.o ABSOLUTE
    ../clib/angel/sysapp.c                   0x00000000   Number         0  sys_wrch_hlt.o ABSOLUTE
    ../clib/angel/sysapp.c                   0x00000000   Number         0  sys_exit_hlt.o ABSOLUTE
    ../clib/angel/sysapp.c                   0x00000000   Number         0  sys_command.o ABSOLUTE
    ../clib/angel/sysapp.c                   0x00000000   Number         0  sys_command_hlt.o ABSOLUTE
    ../clib/armsys.c                         0x00000000   Number         0  argv_veneer.o ABSOLUTE
    ../clib/armsys.c                         0x00000000   Number         0  argv_veneer.o ABSOLUTE
    ../clib/armsys.c                         0x00000000   Number         0  _get_argv.o ABSOLUTE
    ../clib/armsys.c                         0x00000000   Number         0  _get_argv_nomalloc.o ABSOLUTE
    ../clib/armsys.c                         0x00000000   Number         0  no_argv.o ABSOLUTE
    ../clib/assert.c                         0x00000000   Number         0  assert.o ABSOLUTE
    ../clib/assert.c                         0x00000000   Number         0  assert_puts.o ABSOLUTE
    ../clib/assert.c                         0x00000000   Number         0  assert_stdio.o ABSOLUTE
    ../clib/heap1.c                          0x00000000   Number         0  h1_free.o ABSOLUTE
    ../clib/heap1.c                          0x00000000   Number         0  h1_free_threads.o ABSOLUTE
    ../clib/heap1.c                          0x00000000   Number         0  h1_alloc.o ABSOLUTE
    ../clib/heap1.c                          0x00000000   Number         0  h1_alloc_threads.o ABSOLUTE
    ../clib/heap1.c                          0x00000000   Number         0  h1_init.o ABSOLUTE
    ../clib/heap1.c                          0x00000000   Number         0  h1_extend.o ABSOLUTE
    ../clib/heap1.c                          0x00000000   Number         0  h1_init_threads.o ABSOLUTE
    ../clib/heap1.c                          0x00000000   Number         0  h1_extend_threads.o ABSOLUTE
    ../clib/heap1.c                          0x00000000   Number         0  h1_final.o ABSOLUTE
    ../clib/heap1.c                          0x00000000   Number         0  h1_final_threads.o ABSOLUTE
    ../clib/heap2.c                          0x00000000   Number         0  heap2.o ABSOLUTE
    ../clib/heap2.c                          0x00000000   Number         0  heap2_threads.o ABSOLUTE
    ../clib/heap2.c                          0x00000000   Number         0  fdtree.o ABSOLUTE
    ../clib/heapalloc.c                      0x00000000   Number         0  free.o ABSOLUTE
    ../clib/heapalloc.c                      0x00000000   Number         0  hguard.o ABSOLUTE
    ../clib/heapalloc.c                      0x00000000   Number         0  init_alloc.o ABSOLUTE
    ../clib/heapalloc.c                      0x00000000   Number         0  malloc.o ABSOLUTE
    ../clib/heapalloc.c                      0x00000000   Number         0  heapstubs.o ABSOLUTE
    ../clib/heapalloc.c                      0x00000000   Number         0  hrguard.o ABSOLUTE
    ../clib/heapalloc.c                      0x00000000   Number         0  term_alloc.o ABSOLUTE
    ../clib/heapaux.c                        0x00000000   Number         0  heapauxi.o ABSOLUTE
    ../clib/heapaux.c                        0x00000000   Number         0  heapauxa.o ABSOLUTE
    ../clib/libinit.s                        0x00000000   Number         0  libinit.o ABSOLUTE
    ../clib/libinit.s                        0x00000000   Number         0  libinit2.o ABSOLUTE
    ../clib/libinit.s                        0x00000000   Number         0  libshutdown2.o ABSOLUTE
    ../clib/libinit.s                        0x00000000   Number         0  libshutdown.o ABSOLUTE
    ../clib/longlong.s                       0x00000000   Number         0  lludivv7m.o ABSOLUTE
    ../clib/maybe.s                          0x00000000   Number         0  maybetermalloc1.o ABSOLUTE
    ../clib/maybe.s                          0x00000000   Number         0  maybetermalloc2.o ABSOLUTE
    ../clib/memcpset.s                       0x00000000   Number         0  strcmpv7em.o ABSOLUTE
    ../clib/memcpset.s                       0x00000000   Number         0  rt_memclr_w.o ABSOLUTE
    ../clib/memcpset.s                       0x00000000   Number         0  rt_memcpy_w.o ABSOLUTE
    ../clib/memcpset.s                       0x00000000   Number         0  rt_memcpy_v6.o ABSOLUTE
    ../clib/printf.c                         0x00000000   Number         0  __2printf.o ABSOLUTE
    ../clib/printf.c                         0x00000000   Number         0  noretval__2printf.o ABSOLUTE
    ../clib/printf.c                         0x00000000   Number         0  _printf_char_file.o ABSOLUTE
    ../clib/printf.c                         0x00000000   Number         0  _printf_char_common.o ABSOLUTE
    ../clib/printf.c                         0x00000000   Number         0  __printf_nopercent.o ABSOLUTE
    ../clib/printf.c                         0x00000000   Number         0  _printf_char_file_locked.o ABSOLUTE
    ../clib/signal.c                         0x00000000   Number         0  defsig_abrt_outer.o ABSOLUTE
    ../clib/signal.c                         0x00000000   Number         0  defsig_abrt_formal.o ABSOLUTE
    ../clib/signal.c                         0x00000000   Number         0  defsig_exit.o ABSOLUTE
    ../clib/signal.c                         0x00000000   Number         0  defsig_abrt_inner.o ABSOLUTE
    ../clib/signal.c                         0x00000000   Number         0  defsig_fpe_outer.o ABSOLUTE
    ../clib/signal.c                         0x00000000   Number         0  defsig_fpe_formal.o ABSOLUTE
    ../clib/signal.c                         0x00000000   Number         0  defsig_rtred_outer.o ABSOLUTE
    ../clib/signal.c                         0x00000000   Number         0  defsig_rtred_formal.o ABSOLUTE
    ../clib/signal.c                         0x00000000   Number         0  __raise.o ABSOLUTE
    ../clib/signal.c                         0x00000000   Number         0  defsig_general.o ABSOLUTE
    ../clib/signal.c                         0x00000000   Number         0  defsig_fpe_inner.o ABSOLUTE
    ../clib/signal.c                         0x00000000   Number         0  defsig_rtred_inner.o ABSOLUTE
    ../clib/signal.c                         0x00000000   Number         0  defsig_rtmem_outer.o ABSOLUTE
    ../clib/signal.c                         0x00000000   Number         0  defsig_rtmem_formal.o ABSOLUTE
    ../clib/signal.c                         0x00000000   Number         0  defsig_rtmem_inner.o ABSOLUTE
    ../clib/signal.c                         0x00000000   Number         0  defsig_stak_inner.o ABSOLUTE
    ../clib/signal.c                         0x00000000   Number         0  defsig_pvfn_inner.o ABSOLUTE
    ../clib/signal.c                         0x00000000   Number         0  defsig_cppl_inner.o ABSOLUTE
    ../clib/signal.c                         0x00000000   Number         0  defsig_segv_inner.o ABSOLUTE
    ../clib/signal.c                         0x00000000   Number         0  defsig_other.o ABSOLUTE
    ../clib/signal.s                         0x00000000   Number         0  defsig.o ABSOLUTE
    ../clib/stdio.c                          0x00000000   Number         0  stdio_streams.o ABSOLUTE
    ../clib/stdio.c                          0x00000000   Number         0  ferror.o ABSOLUTE
    ../clib/stdio.c                          0x00000000   Number         0  fputc.o ABSOLUTE
    ../clib/stdio.c                          0x00000000   Number         0  initio.o ABSOLUTE
    ../clib/stdio.c                          0x00000000   Number         0  fputc_locked.o ABSOLUTE
    ../clib/stdio.c                          0x00000000   Number         0  ferror_locked.o ABSOLUTE
    ../clib/stdio.c                          0x00000000   Number         0  initio_locked.o ABSOLUTE
    ../clib/stdio.c                          0x00000000   Number         0  flsbuf.o ABSOLUTE
    ../clib/stdio.c                          0x00000000   Number         0  setvbuf.o ABSOLUTE
    ../clib/stdio.c                          0x00000000   Number         0  streamlock.o ABSOLUTE
    ../clib/stdio.c                          0x00000000   Number         0  fopen.o ABSOLUTE
    ../clib/stdio.c                          0x00000000   Number         0  fclose.o ABSOLUTE
    ../clib/stdio.c                          0x00000000   Number         0  setvbuf_locked.o ABSOLUTE
    ../clib/stdio.c                          0x00000000   Number         0  fopen_locked.o ABSOLUTE
    ../clib/stdio.c                          0x00000000   Number         0  fseek.o ABSOLUTE
    ../clib/stdio.c                          0x00000000   Number         0  stdio.o ABSOLUTE
    ../clib/stdio.c                          0x00000000   Number         0  fwritefast.o ABSOLUTE
    ../clib/stdio.c                          0x00000000   Number         0  fwritefast_locked.o ABSOLUTE
    ../clib/stdio.c                          0x00000000   Number         0  fflush.o ABSOLUTE
    ../clib/stdio.c                          0x00000000   Number         0  fputs.o ABSOLUTE
    ../clib/stdio.c                          0x00000000   Number         0  ftell.o ABSOLUTE
    ../clib/stdio.c                          0x00000000   Number         0  fputs_locked.o ABSOLUTE
    ../clib/stdio.c                          0x00000000   Number         0  fflush_locked.o ABSOLUTE
    ../clib/stdlib.c                         0x00000000   Number         0  abort.o ABSOLUTE
    ../clib/stdlib.c                         0x00000000   Number         0  exit.o ABSOLUTE
    ../clib/string.c                         0x00000000   Number         0  strlen.o ABSOLUTE
    ../clib/wchar.c                          0x00000000   Number         0  flsbuf_fwide.o ABSOLUTE
    ../fplib/fpinit.s                        0x00000000   Number         0  fpinit.o ABSOLUTE
    RTE\Device\STM32F429ZITx\startup_stm32f429xx.s 0x00000000   Number         0  startup_stm32f429xx.o ABSOLUTE
    dc.s                                     0x00000000   Number         0  dc.o ABSOLUTE
    delay.c                                  0x00000000   Number         0  delay.o ABSOLUTE
    main.c                                   0x00000000   Number         0  main.o ABSOLUTE
    retarget_io.c                            0x00000000   Number         0  retarget_io.o ABSOLUTE
    ring_buffer.c                            0x00000000   Number         0  ring_buffer.o ABSOLUTE
    stm32f4xx_hal.c                          0x00000000   Number         0  stm32f4xx_hal.o ABSOLUTE
    stm32f4xx_hal_cortex.c                   0x00000000   Number         0  stm32f4xx_hal_cortex.o ABSOLUTE
    stm32f4xx_hal_dma.c                      0x00000000   Number         0  stm32f4xx_hal_dma.o ABSOLUTE
    stm32f4xx_hal_dma_ex.c                   0x00000000   Number         0  stm32f4xx_hal_dma_ex.o ABSOLUTE
    stm32f4xx_hal_gpio.c                     0x00000000   Number         0  stm32f4xx_hal_gpio.o ABSOLUTE
    stm32f4xx_hal_pwr.c                      0x00000000   Number         0  stm32f4xx_hal_pwr.o ABSOLUTE
    stm32f4xx_hal_pwr_ex.c                   0x00000000   Number         0  stm32f4xx_hal_pwr_ex.o ABSOLUTE
    stm32f4xx_hal_rcc.c                      0x00000000   Number         0  stm32f4xx_hal_rcc.o ABSOLUTE
    stm32f4xx_hal_rcc_ex.c                   0x00000000   Number         0  stm32f4xx_hal_rcc_ex.o ABSOLUTE
    stm32f4xx_hal_uart.c                     0x00000000   Number         0  stm32f4xx_hal_uart.o ABSOLUTE
    stm32f4xx_hal_usart.c                    0x00000000   Number         0  stm32f4xx_hal_usart.o ABSOLUTE
    system_stm32f4xx.c                       0x00000000   Number         0  system_stm32f4xx.o ABSOLUTE
    usart.c                                  0x00000000   Number         0  usart.o ABSOLUTE
    RESET                                    0x08000000   Section      428  startup_stm32f429xx.o(RESET)
    !!!main                                  0x080001ac   Section        8  __main.o(!!!main)
    !!!scatter                               0x080001b4   Section       52  __scatter.o(!!!scatter)
    !!handler_copy                           0x080001e8   Section       26  __scatter_copy.o(!!handler_copy)
    !!handler_zi                             0x08000204   Section       28  __scatter_zi.o(!!handler_zi)
    .ARM.Collect$$libinit$$00000000          0x08000220   Section        2  libinit.o(.ARM.Collect$$libinit$$00000000)
    .ARM.Collect$$libinit$$00000001          0x08000222   Section        4  libinit2.o(.ARM.Collect$$libinit$$00000001)
    .ARM.Collect$$libinit$$00000004          0x08000226   Section        0  libinit2.o(.ARM.Collect$$libinit$$00000004)
    .ARM.Collect$$libinit$$00000005          0x08000226   Section        8  libinit2.o(.ARM.Collect$$libinit$$00000005)
    .ARM.Collect$$libinit$$0000000A          0x0800022e   Section        0  libinit2.o(.ARM.Collect$$libinit$$0000000A)
    .ARM.Collect$$libinit$$0000000C          0x0800022e   Section        0  libinit2.o(.ARM.Collect$$libinit$$0000000C)
    .ARM.Collect$$libinit$$0000000E          0x0800022e   Section        0  libinit2.o(.ARM.Collect$$libinit$$0000000E)
    .ARM.Collect$$libinit$$00000011          0x0800022e   Section        0  libinit2.o(.ARM.Collect$$libinit$$00000011)
    .ARM.Collect$$libinit$$00000013          0x0800022e   Section        0  libinit2.o(.ARM.Collect$$libinit$$00000013)
    .ARM.Collect$$libinit$$00000015          0x0800022e   Section        0  libinit2.o(.ARM.Collect$$libinit$$00000015)
    .ARM.Collect$$libinit$$00000017          0x0800022e   Section        0  libinit2.o(.ARM.Collect$$libinit$$00000017)
    .ARM.Collect$$libinit$$00000019          0x0800022e   Section        0  libinit2.o(.ARM.Collect$$libinit$$00000019)
    .ARM.Collect$$libinit$$0000001B          0x0800022e   Section        0  libinit2.o(.ARM.Collect$$libinit$$0000001B)
    .ARM.Collect$$libinit$$0000001D          0x0800022e   Section        0  libinit2.o(.ARM.Collect$$libinit$$0000001D)
    .ARM.Collect$$libinit$$0000001F          0x0800022e   Section        0  libinit2.o(.ARM.Collect$$libinit$$0000001F)
    .ARM.Collect$$libinit$$00000021          0x0800022e   Section        0  libinit2.o(.ARM.Collect$$libinit$$00000021)
    .ARM.Collect$$libinit$$00000023          0x0800022e   Section        0  libinit2.o(.ARM.Collect$$libinit$$00000023)
    .ARM.Collect$$libinit$$00000024          0x0800022e   Section        4  libinit2.o(.ARM.Collect$$libinit$$00000024)
    .ARM.Collect$$libinit$$00000025          0x08000232   Section        0  libinit2.o(.ARM.Collect$$libinit$$00000025)
    .ARM.Collect$$libinit$$0000002C          0x08000232   Section        0  libinit2.o(.ARM.Collect$$libinit$$0000002C)
    .ARM.Collect$$libinit$$0000002E          0x08000232   Section        0  libinit2.o(.ARM.Collect$$libinit$$0000002E)
    .ARM.Collect$$libinit$$00000030          0x08000232   Section        0  libinit2.o(.ARM.Collect$$libinit$$00000030)
    .ARM.Collect$$libinit$$00000032          0x08000232   Section        0  libinit2.o(.ARM.Collect$$libinit$$00000032)
    .ARM.Collect$$libinit$$00000033          0x08000232   Section        2  libinit2.o(.ARM.Collect$$libinit$$00000033)
    .ARM.Collect$$libshutdown$$00000000      0x08000234   Section        2  libshutdown.o(.ARM.Collect$$libshutdown$$00000000)
    .ARM.Collect$$libshutdown$$00000002      0x08000236   Section        0  libshutdown2.o(.ARM.Collect$$libshutdown$$00000002)
    .ARM.Collect$$libshutdown$$00000003      0x08000236   Section        4  libshutdown2.o(.ARM.Collect$$libshutdown$$00000003)
    .ARM.Collect$$libshutdown$$00000004      0x0800023a   Section        0  libshutdown2.o(.ARM.Collect$$libshutdown$$00000004)
    .ARM.Collect$$libshutdown$$00000007      0x0800023a   Section        0  libshutdown2.o(.ARM.Collect$$libshutdown$$00000007)
    .ARM.Collect$$libshutdown$$0000000A      0x0800023a   Section        0  libshutdown2.o(.ARM.Collect$$libshutdown$$0000000A)
    .ARM.Collect$$libshutdown$$0000000C      0x0800023a   Section        0  libshutdown2.o(.ARM.Collect$$libshutdown$$0000000C)
    .ARM.Collect$$libshutdown$$0000000F      0x0800023a   Section        0  libshutdown2.o(.ARM.Collect$$libshutdown$$0000000F)
    .ARM.Collect$$libshutdown$$00000010      0x0800023a   Section        2  libshutdown2.o(.ARM.Collect$$libshutdown$$00000010)
    .ARM.Collect$$rtentry$$00000000          0x0800023c   Section        0  __rtentry.o(.ARM.Collect$$rtentry$$00000000)
    .ARM.Collect$$rtentry$$00000002          0x0800023c   Section        0  __rtentry2.o(.ARM.Collect$$rtentry$$00000002)
    .ARM.Collect$$rtentry$$00000004          0x0800023c   Section        6  __rtentry4.o(.ARM.Collect$$rtentry$$00000004)
    .ARM.Collect$$rtentry$$00000009          0x08000242   Section        0  __rtentry2.o(.ARM.Collect$$rtentry$$00000009)
    .ARM.Collect$$rtentry$$0000000A          0x08000242   Section        4  __rtentry2.o(.ARM.Collect$$rtentry$$0000000A)
    .ARM.Collect$$rtentry$$0000000C          0x08000246   Section        0  __rtentry2.o(.ARM.Collect$$rtentry$$0000000C)
    .ARM.Collect$$rtentry$$0000000D          0x08000246   Section        8  __rtentry2.o(.ARM.Collect$$rtentry$$0000000D)
    .ARM.Collect$$rtexit$$00000000           0x0800024e   Section        2  rtexit.o(.ARM.Collect$$rtexit$$00000000)
    .ARM.Collect$$rtexit$$00000002           0x08000250   Section        0  rtexit2.o(.ARM.Collect$$rtexit$$00000002)
    .ARM.Collect$$rtexit$$00000003           0x08000250   Section        4  rtexit2.o(.ARM.Collect$$rtexit$$00000003)
    .ARM.Collect$$rtexit$$00000004           0x08000254   Section        6  rtexit2.o(.ARM.Collect$$rtexit$$00000004)
    $v0                                      0x0800025c   Number         0  startup_stm32f429xx.o(.text)
    .text                                    0x0800025c   Section       64  startup_stm32f429xx.o(.text)
    .text                                    0x0800029c   Section      240  lludivv7m.o(.text)
    .text                                    0x0800038c   Section        0  noretval__2printf.o(.text)
    .text                                    0x080003a4   Section        0  assert.o(.text)
    .text                                    0x08000424   Section        0  strlen.o(.text)
    .text                                    0x08000468   Section      124  strcmpv7em.o(.text)
    .text                                    0x080004e4   Section        0  heapauxi.o(.text)
    .text                                    0x080004ec   Section        0  _printf_char_file.o(.text)
    .text                                    0x08000510   Section        0  abort.o(.text)
    .text                                    0x08000526   Section        0  sys_wrch.o(.text)
    .text                                    0x08000534   Section        0  sys_exit.o(.text)
    _printf_input_char                       0x08000541   Thumb Code    10  _printf_char_common.o(.text)
    .text                                    0x08000540   Section        0  _printf_char_common.o(.text)
    .text                                    0x08000570   Section        0  ferror.o(.text)
    .text                                    0x08000578   Section        0  initio.o(.text)
    .text                                    0x080006b0   Section        0  defsig_abrt_outer.o(.text)
    .text                                    0x080006be   Section        2  use_no_semi.o(.text)
    .text                                    0x080006c0   Section        0  indicate_semi.o(.text)
    .text                                    0x080006c0   Section       74  sys_stackheap_outer.o(.text)
    .text                                    0x0800070a   Section        0  h1_free.o(.text)
    .text                                    0x08000758   Section        0  __printf_nopercent.o(.text)
    .text                                    0x08000780   Section        0  flsbuf.o(.text)
    .text                                    0x08000956   Section        0  setvbuf.o(.text)
    _freopen_locked                          0x0800099d   Thumb Code     0  fopen.o(.text)
    .text                                    0x0800099c   Section        0  fopen.o(.text)
    .text                                    0x08000a8c   Section        0  fclose.o(.text)
    .text                                    0x08000ad8   Section        0  exit.o(.text)
    .text                                    0x08000aea   Section        0  defsig_exit.o(.text)
    .text                                    0x08000af4   Section        0  defsig_abrt_inner.o(.text)
    .text                                    0x08000b24   Section        0  defsig_rtred_outer.o(.text)
    .text                                    0x08000b32   Section       78  rt_memclr_w.o(.text)
    .text                                    0x08000b80   Section        8  libspace.o(.text)
    .text                                    0x08000b88   Section        8  rt_heap_descriptor_intlibspace.o(.text)
    .text                                    0x08000b90   Section        0  hguard.o(.text)
    .text                                    0x08000b94   Section        0  init_alloc.o(.text)
    .text                                    0x08000c1e   Section        0  h1_alloc.o(.text)
    .text                                    0x08000c7c   Section        0  fseek.o(.text)
    .text                                    0x08000d74   Section        0  stdio.o(.text)
    .text                                    0x08000e64   Section        0  defsig_general.o(.text)
    .text                                    0x08000e98   Section        0  defsig_rtred_inner.o(.text)
    .text                                    0x08000ecc   Section        0  assert_stdio.o(.text)
    .text                                    0x08000ee4   Section        0  maybetermalloc1.o(.text)
    .text                                    0x08000ee4   Section        0  h1_init.o(.text)
    .text                                    0x08000ef2   Section        0  h1_extend.o(.text)
    .text                                    0x08000f28   Section        0  fflush.o(.text)
    .text                                    0x08000f8c   Section        0  fputs.o(.text)
    .text                                    0x08000fae   Section        0  ftell.o(.text)
    .text                                    0x08000ff0   Section        0  defsig_rtmem_outer.o(.text)
    .text                                    0x08001000   Section        8  rt_errno_addr_intlibspace.o(.text)
    .text                                    0x08001008   Section        0  defsig_rtmem_inner.o(.text)
    [Anonymous Symbol]                       0x08001058   Section        0  stm32f4xx_hal_gpio.o(.text.HAL_GPIO_Init)
    [Anonymous Symbol]                       0x0800121c   Section        0  stm32f4xx_hal.o(.text.HAL_Init)
    [Anonymous Symbol]                       0x0800124c   Section        0  stm32f4xx_hal.o(.text.HAL_InitTick)
    [Anonymous Symbol]                       0x08001294   Section        0  stm32f4xx_hal.o(.text.HAL_MspInit)
    [Anonymous Symbol]                       0x08001298   Section        0  stm32f4xx_hal_cortex.o(.text.HAL_NVIC_EnableIRQ)
    [Anonymous Symbol]                       0x080012b8   Section        0  stm32f4xx_hal_cortex.o(.text.HAL_NVIC_SetPriority)
    [Anonymous Symbol]                       0x08001310   Section        0  stm32f4xx_hal_cortex.o(.text.HAL_NVIC_SetPriorityGrouping)
    [Anonymous Symbol]                       0x08001330   Section        0  stm32f4xx_hal_rcc.o(.text.HAL_RCC_GetPCLK1Freq)
    [Anonymous Symbol]                       0x08001358   Section        0  stm32f4xx_hal_rcc.o(.text.HAL_RCC_GetPCLK2Freq)
    [Anonymous Symbol]                       0x08001380   Section        0  stm32f4xx_hal_cortex.o(.text.HAL_SYSTICK_Config)
    [Anonymous Symbol]                       0x080013ac   Section        0  stm32f4xx_hal_uart.o(.text.HAL_UART_Init)
    [Anonymous Symbol]                       0x0800140c   Section        0  usart.o(.text.HAL_UART_MspInit)
    [Anonymous Symbol]                       0x0800149c   Section        0  ring_buffer.o(.text.RingBuffer_GetChar)
    [Anonymous Symbol]                       0x080014fc   Section        0  ring_buffer.o(.text.RingBuffer_Init)
    [Anonymous Symbol]                       0x08001570   Section        0  ring_buffer.o(.text.RingBuffer_PutChar)
    [Anonymous Symbol]                       0x080015b4   Section        0  delay.o(.text.SysTick_Handler)
    [Anonymous Symbol]                       0x080015c4   Section        0  system_stm32f4xx.o(.text.SystemInit)
    UART_SetConfig                           0x080015d9   Thumb Code   226  stm32f4xx_hal_uart.o(.text.UART_SetConfig)
    [Anonymous Symbol]                       0x080015d8   Section        0  stm32f4xx_hal_uart.o(.text.UART_SetConfig)
    [Anonymous Symbol]                       0x080016bc   Section        0  usart.o(.text.USART1_IRQHandler)
    [Anonymous Symbol]                       0x08001744   Section        0  usart.o(.text.USART_GetChar)
    [Anonymous Symbol]                       0x08001754   Section        0  usart.o(.text.USART_Init)
    [Anonymous Symbol]                       0x08001870   Section        0  usart.o(.text.USART_PutChar)
    [Anonymous Symbol]                       0x08001898   Section        0  usart.o(.text.USART_WriteString)
    [Anonymous Symbol]                       0x080018dc   Section        0  retarget_io.o(.text._sys_close)
    [Anonymous Symbol]                       0x080018f0   Section        0  retarget_io.o(.text._sys_flen)
    [Anonymous Symbol]                       0x080018f4   Section        0  retarget_io.o(.text._sys_istty)
    [Anonymous Symbol]                       0x08001904   Section        0  retarget_io.o(.text._sys_open)
    [Anonymous Symbol]                       0x08001960   Section        0  retarget_io.o(.text._sys_seek)
    [Anonymous Symbol]                       0x08001968   Section        0  retarget_io.o(.text._sys_write)
    [Anonymous Symbol]                       0x08001b48   Section        0  main.o(.text.main)
    i.fputc                                  0x08001bdc   Section        0  fputc.o(i.fputc)
    $v0                                      0x08001bf6   Number         0  fpinit.o(x$fpl$fpinit)
    x$fpl$fpinit                             0x08001bf6   Section       26  fpinit.o(x$fpl$fpinit)
    .L.str.1                                 0x08001c2f   Data          26  ring_buffer.o(.rodata.str1.1)
    [Anonymous Symbol]                       0x08001c2f   Section        0  ring_buffer.o(.rodata.str1.1)
    .L.str                                   0x08001c49   Data          11  ring_buffer.o(.rodata.str1.1)
    .data                                    0x20000000   Section        4  stdio_streams.o(.data)
    .data                                    0x20000004   Section        4  stdio_streams.o(.data)
    .data                                    0x20000008   Section        4  stdio_streams.o(.data)
    .L_MergedGlobals                         0x2000000c   Data           8  stm32f4xx_hal.o(.data..L_MergedGlobals)
    [Anonymous Symbol]                       0x2000000c   Section        0  stm32f4xx_hal.o(.data..L_MergedGlobals)
    .bss                                     0x20000018   Section       84  stdio_streams.o(.bss)
    .bss                                     0x2000006c   Section       84  stdio_streams.o(.bss)
    .bss                                     0x200000c0   Section       84  stdio_streams.o(.bss)
    .bss                                     0x20000114   Section       96  libspace.o(.bss)
    .L_MergedGlobals                         0x20000174   Data         108  usart.o(.bss..L_MergedGlobals)
    USART_RingBuffer_Tx                      0x20000174   Data          20  usart.o(.bss..L_MergedGlobals)
    [Anonymous Symbol]                       0x20000174   Section        0  usart.o(.bss..L_MergedGlobals)
    USART_RingBuffer_Rx                      0x20000188   Data          20  usart.o(.bss..L_MergedGlobals)
    UartHandle                               0x2000019c   Data          68  usart.o(.bss..L_MergedGlobals)
    RingBufferData_Rx                        0x200001e0   Data        1024  usart.o(.bss.RingBufferData_Rx)
    [Anonymous Symbol]                       0x200001e0   Section        0  usart.o(.bss.RingBufferData_Rx)
    RingBufferData_Tx                        0x200005e0   Data        1024  usart.o(.bss.RingBufferData_Tx)
    [Anonymous Symbol]                       0x200005e0   Section        0  usart.o(.bss.RingBufferData_Tx)
    Heap_Mem                                 0x200009e8   Data         512  startup_stm32f429xx.o(HEAP)
    HEAP                                     0x200009e8   Section      512  startup_stm32f429xx.o(HEAP)
    Stack_Mem                                0x20000be8   Data        1024  startup_stm32f429xx.o(STACK)
    STACK                                    0x20000be8   Section     1024  startup_stm32f429xx.o(STACK)
    __initial_sp                             0x20000fe8   Data           0  startup_stm32f429xx.o(STACK)

    Global Symbols

    Symbol Name                              Value     Ov Type        Size  Object(Section)

    BuildAttributes$$THM_ISAv4$E$P$D$K$B$S$7EM$VFPi3$EXTD16$VFPS$VFMA$PE$A:L22UL41UL21$X:L11$S22US41US21$IEEE1$IW$~IW$USESV6$~STKCKD$USESV7$~SHL$OTIME$ROPI$EBA8$UX$STANDARDLIB$REQ8$PRES8$EABIv2 0x00000000   Number         0  anon$$obj.o ABSOLUTE
    __ARM_exceptions_init                     - Undefined Weak Reference
    __alloca_initialize                       - Undefined Weak Reference
    __arm_preinit_                            - Undefined Weak Reference
    __cpp_initialize__aeabi_                  - Undefined Weak Reference
    __cxa_finalize                            - Undefined Weak Reference
    __rt_locale                               - Undefined Weak Reference
    __sigvec_lookup                           - Undefined Weak Reference
    __user_heap_extent                        - Undefined Weak Reference
    _atexit_init                              - Undefined Weak Reference
    _call_atexit_fns                          - Undefined Weak Reference
    _clock_init                               - Undefined Weak Reference
    _fp_trap_init                             - Undefined Weak Reference
    _fp_trap_shutdown                         - Undefined Weak Reference
    _get_lc_collate                           - Undefined Weak Reference
    _get_lc_ctype                             - Undefined Weak Reference
    _get_lc_monetary                          - Undefined Weak Reference
    _get_lc_numeric                           - Undefined Weak Reference
    _get_lc_time                              - Undefined Weak Reference
    _getenv_init                              - Undefined Weak Reference
    _handle_redirection                       - Undefined Weak Reference
    _mutex_acquire                            - Undefined Weak Reference
    _mutex_free                               - Undefined Weak Reference
    _mutex_release                            - Undefined Weak Reference
    _rand_init                                - Undefined Weak Reference
    _signal_finish                            - Undefined Weak Reference
    _signal_init                              - Undefined Weak Reference
    __Vectors_Size                           0x000001ac   Number         0  startup_stm32f429xx.o ABSOLUTE
    __Vectors                                0x08000000   Data           4  startup_stm32f429xx.o(RESET)
    __Vectors_End                            0x080001ac   Data           0  startup_stm32f429xx.o(RESET)
    __main                                   0x080001ad   Thumb Code     8  __main.o(!!!main)
    __scatterload                            0x080001b5   Thumb Code     0  __scatter.o(!!!scatter)
    __scatterload_rt2                        0x080001b5   Thumb Code    44  __scatter.o(!!!scatter)
    __scatterload_rt2_thumb_only             0x080001b5   Thumb Code     0  __scatter.o(!!!scatter)
    __scatterload_null                       0x080001c3   Thumb Code     0  __scatter.o(!!!scatter)
    __scatterload_copy                       0x080001e9   Thumb Code    26  __scatter_copy.o(!!handler_copy)
    __scatterload_zeroinit                   0x08000205   Thumb Code    28  __scatter_zi.o(!!handler_zi)
    __rt_lib_init                            0x08000221   Thumb Code     0  libinit.o(.ARM.Collect$$libinit$$00000000)
    __rt_lib_init_fp_1                       0x08000223   Thumb Code     0  libinit2.o(.ARM.Collect$$libinit$$00000001)
    __rt_lib_init_heap_2                     0x08000227   Thumb Code     0  libinit2.o(.ARM.Collect$$libinit$$00000005)
    __rt_lib_init_preinit_1                  0x08000227   Thumb Code     0  libinit2.o(.ARM.Collect$$libinit$$00000004)
    __rt_lib_init_atexit_1                   0x0800022f   Thumb Code     0  libinit2.o(.ARM.Collect$$libinit$$0000001B)
    __rt_lib_init_clock_1                    0x0800022f   Thumb Code     0  libinit2.o(.ARM.Collect$$libinit$$00000021)
    __rt_lib_init_fp_trap_1                  0x0800022f   Thumb Code     0  libinit2.o(.ARM.Collect$$libinit$$0000001F)
    __rt_lib_init_getenv_1                   0x0800022f   Thumb Code     0  libinit2.o(.ARM.Collect$$libinit$$00000023)
    __rt_lib_init_heap_1                     0x0800022f   Thumb Code     0  libinit2.o(.ARM.Collect$$libinit$$0000000A)
    __rt_lib_init_lc_collate_1               0x0800022f   Thumb Code     0  libinit2.o(.ARM.Collect$$libinit$$00000011)
    __rt_lib_init_lc_ctype_1                 0x0800022f   Thumb Code     0  libinit2.o(.ARM.Collect$$libinit$$00000013)
    __rt_lib_init_lc_monetary_1              0x0800022f   Thumb Code     0  libinit2.o(.ARM.Collect$$libinit$$00000015)
    __rt_lib_init_lc_numeric_1               0x0800022f   Thumb Code     0  libinit2.o(.ARM.Collect$$libinit$$00000017)
    __rt_lib_init_lc_time_1                  0x0800022f   Thumb Code     0  libinit2.o(.ARM.Collect$$libinit$$00000019)
    __rt_lib_init_rand_1                     0x0800022f   Thumb Code     0  libinit2.o(.ARM.Collect$$libinit$$0000000E)
    __rt_lib_init_signal_1                   0x0800022f   Thumb Code     0  libinit2.o(.ARM.Collect$$libinit$$0000001D)
    __rt_lib_init_stdio_2                    0x0800022f   Thumb Code     0  libinit2.o(.ARM.Collect$$libinit$$00000024)
    __rt_lib_init_user_alloc_1               0x0800022f   Thumb Code     0  libinit2.o(.ARM.Collect$$libinit$$0000000C)
    __rt_lib_init_alloca_1                   0x08000233   Thumb Code     0  libinit2.o(.ARM.Collect$$libinit$$0000002E)
    __rt_lib_init_argv_1                     0x08000233   Thumb Code     0  libinit2.o(.ARM.Collect$$libinit$$0000002C)
    __rt_lib_init_cpp_1                      0x08000233   Thumb Code     0  libinit2.o(.ARM.Collect$$libinit$$00000032)
    __rt_lib_init_exceptions_1               0x08000233   Thumb Code     0  libinit2.o(.ARM.Collect$$libinit$$00000030)
    __rt_lib_init_return                     0x08000233   Thumb Code     0  libinit2.o(.ARM.Collect$$libinit$$00000033)
    __rt_lib_init_stdio_1                    0x08000233   Thumb Code     0  libinit2.o(.ARM.Collect$$libinit$$00000025)
    __rt_lib_shutdown                        0x08000235   Thumb Code     0  libshutdown.o(.ARM.Collect$$libshutdown$$00000000)
    __rt_lib_shutdown_cpp_1                  0x08000237   Thumb Code     0  libshutdown2.o(.ARM.Collect$$libshutdown$$00000002)
    __rt_lib_shutdown_stdio_2                0x08000237   Thumb Code     0  libshutdown2.o(.ARM.Collect$$libshutdown$$00000003)
    __rt_lib_shutdown_fp_trap_1              0x0800023b   Thumb Code     0  libshutdown2.o(.ARM.Collect$$libshutdown$$00000007)
    __rt_lib_shutdown_heap_1                 0x0800023b   Thumb Code     0  libshutdown2.o(.ARM.Collect$$libshutdown$$0000000F)
    __rt_lib_shutdown_return                 0x0800023b   Thumb Code     0  libshutdown2.o(.ARM.Collect$$libshutdown$$00000010)
    __rt_lib_shutdown_signal_1               0x0800023b   Thumb Code     0  libshutdown2.o(.ARM.Collect$$libshutdown$$0000000A)
    __rt_lib_shutdown_stdio_1                0x0800023b   Thumb Code     0  libshutdown2.o(.ARM.Collect$$libshutdown$$00000004)
    __rt_lib_shutdown_user_alloc_1           0x0800023b   Thumb Code     0  libshutdown2.o(.ARM.Collect$$libshutdown$$0000000C)
    __rt_entry                               0x0800023d   Thumb Code     0  __rtentry.o(.ARM.Collect$$rtentry$$00000000)
    __rt_entry_presh_1                       0x0800023d   Thumb Code     0  __rtentry2.o(.ARM.Collect$$rtentry$$00000002)
    __rt_entry_sh                            0x0800023d   Thumb Code     0  __rtentry4.o(.ARM.Collect$$rtentry$$00000004)
    __rt_entry_li                            0x08000243   Thumb Code     0  __rtentry2.o(.ARM.Collect$$rtentry$$0000000A)
    __rt_entry_postsh_1                      0x08000243   Thumb Code     0  __rtentry2.o(.ARM.Collect$$rtentry$$00000009)
    __rt_entry_main                          0x08000247   Thumb Code     0  __rtentry2.o(.ARM.Collect$$rtentry$$0000000D)
    __rt_entry_postli_1                      0x08000247   Thumb Code     0  __rtentry2.o(.ARM.Collect$$rtentry$$0000000C)
    __rt_exit                                0x0800024f   Thumb Code     0  rtexit.o(.ARM.Collect$$rtexit$$00000000)
    __rt_exit_ls                             0x08000251   Thumb Code     0  rtexit2.o(.ARM.Collect$$rtexit$$00000003)
    __rt_exit_prels_1                        0x08000251   Thumb Code     0  rtexit2.o(.ARM.Collect$$rtexit$$00000002)
    __rt_exit_exit                           0x08000255   Thumb Code     0  rtexit2.o(.ARM.Collect$$rtexit$$00000004)
    Reset_Handler                            0x0800025d   Thumb Code     8  startup_stm32f429xx.o(.text)
    NMI_Handler                              0x08000265   Thumb Code     2  startup_stm32f429xx.o(.text)
    HardFault_Handler                        0x08000267   Thumb Code     2  startup_stm32f429xx.o(.text)
    MemManage_Handler                        0x08000269   Thumb Code     2  startup_stm32f429xx.o(.text)
    BusFault_Handler                         0x0800026b   Thumb Code     2  startup_stm32f429xx.o(.text)
    UsageFault_Handler                       0x0800026d   Thumb Code     2  startup_stm32f429xx.o(.text)
    SVC_Handler                              0x0800026f   Thumb Code     2  startup_stm32f429xx.o(.text)
    DebugMon_Handler                         0x08000271   Thumb Code     2  startup_stm32f429xx.o(.text)
    PendSV_Handler                           0x08000273   Thumb Code     2  startup_stm32f429xx.o(.text)
    ADC_IRQHandler                           0x08000277   Thumb Code     0  startup_stm32f429xx.o(.text)
    CAN1_RX0_IRQHandler                      0x08000277   Thumb Code     0  startup_stm32f429xx.o(.text)
    CAN1_RX1_IRQHandler                      0x08000277   Thumb Code     0  startup_stm32f429xx.o(.text)
    CAN1_SCE_IRQHandler                      0x08000277   Thumb Code     0  startup_stm32f429xx.o(.text)
    CAN1_TX_IRQHandler                       0x08000277   Thumb Code     0  startup_stm32f429xx.o(.text)
    CAN2_RX0_IRQHandler                      0x08000277   Thumb Code     0  startup_stm32f429xx.o(.text)
    CAN2_RX1_IRQHandler                      0x08000277   Thumb Code     0  startup_stm32f429xx.o(.text)
    CAN2_SCE_IRQHandler                      0x08000277   Thumb Code     0  startup_stm32f429xx.o(.text)
    CAN2_TX_IRQHandler                       0x08000277   Thumb Code     0  startup_stm32f429xx.o(.text)
    DCMI_IRQHandler                          0x08000277   Thumb Code     0  startup_stm32f429xx.o(.text)
    DMA1_Stream0_IRQHandler                  0x08000277   Thumb Code     0  startup_stm32f429xx.o(.text)
    DMA1_Stream1_IRQHandler                  0x08000277   Thumb Code     0  startup_stm32f429xx.o(.text)
    DMA1_Stream2_IRQHandler                  0x08000277   Thumb Code     0  startup_stm32f429xx.o(.text)
    DMA1_Stream3_IRQHandler                  0x08000277   Thumb Code     0  startup_stm32f429xx.o(.text)
    DMA1_Stream4_IRQHandler                  0x08000277   Thumb Code     0  startup_stm32f429xx.o(.text)
    DMA1_Stream5_IRQHandler                  0x08000277   Thumb Code     0  startup_stm32f429xx.o(.text)
    DMA1_Stream6_IRQHandler                  0x08000277   Thumb Code     0  startup_stm32f429xx.o(.text)
    DMA1_Stream7_IRQHandler                  0x08000277   Thumb Code     0  startup_stm32f429xx.o(.text)
    DMA2D_IRQHandler                         0x08000277   Thumb Code     0  startup_stm32f429xx.o(.text)
    DMA2_Stream0_IRQHandler                  0x08000277   Thumb Code     0  startup_stm32f429xx.o(.text)
    DMA2_Stream1_IRQHandler                  0x08000277   Thumb Code     0  startup_stm32f429xx.o(.text)
    DMA2_Stream2_IRQHandler                  0x08000277   Thumb Code     0  startup_stm32f429xx.o(.text)
    DMA2_Stream3_IRQHandler                  0x08000277   Thumb Code     0  startup_stm32f429xx.o(.text)
    DMA2_Stream4_IRQHandler                  0x08000277   Thumb Code     0  startup_stm32f429xx.o(.text)
    DMA2_Stream5_IRQHandler                  0x08000277   Thumb Code     0  startup_stm32f429xx.o(.text)
    DMA2_Stream6_IRQHandler                  0x08000277   Thumb Code     0  startup_stm32f429xx.o(.text)
    DMA2_Stream7_IRQHandler                  0x08000277   Thumb Code     0  startup_stm32f429xx.o(.text)
    ETH_IRQHandler                           0x08000277   Thumb Code     0  startup_stm32f429xx.o(.text)
    ETH_WKUP_IRQHandler                      0x08000277   Thumb Code     0  startup_stm32f429xx.o(.text)
    EXTI0_IRQHandler                         0x08000277   Thumb Code     0  startup_stm32f429xx.o(.text)
    EXTI15_10_IRQHandler                     0x08000277   Thumb Code     0  startup_stm32f429xx.o(.text)
    EXTI1_IRQHandler                         0x08000277   Thumb Code     0  startup_stm32f429xx.o(.text)
    EXTI2_IRQHandler                         0x08000277   Thumb Code     0  startup_stm32f429xx.o(.text)
    EXTI3_IRQHandler                         0x08000277   Thumb Code     0  startup_stm32f429xx.o(.text)
    EXTI4_IRQHandler                         0x08000277   Thumb Code     0  startup_stm32f429xx.o(.text)
    EXTI9_5_IRQHandler                       0x08000277   Thumb Code     0  startup_stm32f429xx.o(.text)
    FLASH_IRQHandler                         0x08000277   Thumb Code     0  startup_stm32f429xx.o(.text)
    FMC_IRQHandler                           0x08000277   Thumb Code     0  startup_stm32f429xx.o(.text)
    FPU_IRQHandler                           0x08000277   Thumb Code     0  startup_stm32f429xx.o(.text)
    HASH_RNG_IRQHandler                      0x08000277   Thumb Code     0  startup_stm32f429xx.o(.text)
    I2C1_ER_IRQHandler                       0x08000277   Thumb Code     0  startup_stm32f429xx.o(.text)
    I2C1_EV_IRQHandler                       0x08000277   Thumb Code     0  startup_stm32f429xx.o(.text)
    I2C2_ER_IRQHandler                       0x08000277   Thumb Code     0  startup_stm32f429xx.o(.text)
    I2C2_EV_IRQHandler                       0x08000277   Thumb Code     0  startup_stm32f429xx.o(.text)
    I2C3_ER_IRQHandler                       0x08000277   Thumb Code     0  startup_stm32f429xx.o(.text)
    I2C3_EV_IRQHandler                       0x08000277   Thumb Code     0  startup_stm32f429xx.o(.text)
    LTDC_ER_IRQHandler                       0x08000277   Thumb Code     0  startup_stm32f429xx.o(.text)
    LTDC_IRQHandler                          0x08000277   Thumb Code     0  startup_stm32f429xx.o(.text)
    OTG_FS_IRQHandler                        0x08000277   Thumb Code     0  startup_stm32f429xx.o(.text)
    OTG_FS_WKUP_IRQHandler                   0x08000277   Thumb Code     0  startup_stm32f429xx.o(.text)
    OTG_HS_EP1_IN_IRQHandler                 0x08000277   Thumb Code     0  startup_stm32f429xx.o(.text)
    OTG_HS_EP1_OUT_IRQHandler                0x08000277   Thumb Code     0  startup_stm32f429xx.o(.text)
    OTG_HS_IRQHandler                        0x08000277   Thumb Code     0  startup_stm32f429xx.o(.text)
    OTG_HS_WKUP_IRQHandler                   0x08000277   Thumb Code     0  startup_stm32f429xx.o(.text)
    PVD_IRQHandler                           0x08000277   Thumb Code     0  startup_stm32f429xx.o(.text)
    RCC_IRQHandler                           0x08000277   Thumb Code     0  startup_stm32f429xx.o(.text)
    RTC_Alarm_IRQHandler                     0x08000277   Thumb Code     0  startup_stm32f429xx.o(.text)
    RTC_WKUP_IRQHandler                      0x08000277   Thumb Code     0  startup_stm32f429xx.o(.text)
    SAI1_IRQHandler                          0x08000277   Thumb Code     0  startup_stm32f429xx.o(.text)
    SDIO_IRQHandler                          0x08000277   Thumb Code     0  startup_stm32f429xx.o(.text)
    SPI1_IRQHandler                          0x08000277   Thumb Code     0  startup_stm32f429xx.o(.text)
    SPI2_IRQHandler                          0x08000277   Thumb Code     0  startup_stm32f429xx.o(.text)
    SPI3_IRQHandler                          0x08000277   Thumb Code     0  startup_stm32f429xx.o(.text)
    SPI4_IRQHandler                          0x08000277   Thumb Code     0  startup_stm32f429xx.o(.text)
    SPI5_IRQHandler                          0x08000277   Thumb Code     0  startup_stm32f429xx.o(.text)
    SPI6_IRQHandler                          0x08000277   Thumb Code     0  startup_stm32f429xx.o(.text)
    TAMP_STAMP_IRQHandler                    0x08000277   Thumb Code     0  startup_stm32f429xx.o(.text)
    TIM1_BRK_TIM9_IRQHandler                 0x08000277   Thumb Code     0  startup_stm32f429xx.o(.text)
    TIM1_CC_IRQHandler                       0x08000277   Thumb Code     0  startup_stm32f429xx.o(.text)
    TIM1_TRG_COM_TIM11_IRQHandler            0x08000277   Thumb Code     0  startup_stm32f429xx.o(.text)
    TIM1_UP_TIM10_IRQHandler                 0x08000277   Thumb Code     0  startup_stm32f429xx.o(.text)
    TIM2_IRQHandler                          0x08000277   Thumb Code     0  startup_stm32f429xx.o(.text)
    TIM3_IRQHandler                          0x08000277   Thumb Code     0  startup_stm32f429xx.o(.text)
    TIM4_IRQHandler                          0x08000277   Thumb Code     0  startup_stm32f429xx.o(.text)
    TIM5_IRQHandler                          0x08000277   Thumb Code     0  startup_stm32f429xx.o(.text)
    TIM6_DAC_IRQHandler                      0x08000277   Thumb Code     0  startup_stm32f429xx.o(.text)
    TIM7_IRQHandler                          0x08000277   Thumb Code     0  startup_stm32f429xx.o(.text)
    TIM8_BRK_TIM12_IRQHandler                0x08000277   Thumb Code     0  startup_stm32f429xx.o(.text)
    TIM8_CC_IRQHandler                       0x08000277   Thumb Code     0  startup_stm32f429xx.o(.text)
    TIM8_TRG_COM_TIM14_IRQHandler            0x08000277   Thumb Code     0  startup_stm32f429xx.o(.text)
    TIM8_UP_TIM13_IRQHandler                 0x08000277   Thumb Code     0  startup_stm32f429xx.o(.text)
    UART4_IRQHandler                         0x08000277   Thumb Code     0  startup_stm32f429xx.o(.text)
    UART5_IRQHandler                         0x08000277   Thumb Code     0  startup_stm32f429xx.o(.text)
    UART7_IRQHandler                         0x08000277   Thumb Code     0  startup_stm32f429xx.o(.text)
    UART8_IRQHandler                         0x08000277   Thumb Code     0  startup_stm32f429xx.o(.text)
    USART2_IRQHandler                        0x08000277   Thumb Code     0  startup_stm32f429xx.o(.text)
    USART3_IRQHandler                        0x08000277   Thumb Code     0  startup_stm32f429xx.o(.text)
    USART6_IRQHandler                        0x08000277   Thumb Code     0  startup_stm32f429xx.o(.text)
    WWDG_IRQHandler                          0x08000277   Thumb Code     0  startup_stm32f429xx.o(.text)
    __user_initial_stackheap                 0x08000279   Thumb Code     0  startup_stm32f429xx.o(.text)
    __aeabi_uldivmod                         0x0800029d   Thumb Code     0  lludivv7m.o(.text)
    _ll_udiv                                 0x0800029d   Thumb Code   240  lludivv7m.o(.text)
    __2printf                                0x0800038d   Thumb Code    20  noretval__2printf.o(.text)
    __aeabi_assert                           0x080003a5   Thumb Code    86  assert.o(.text)
    __assert                                 0x080003a5   Thumb Code     0  assert.o(.text)
    strlen                                   0x08000425   Thumb Code    62  strlen.o(.text)
    strcmp                                   0x08000469   Thumb Code   124  strcmpv7em.o(.text)
    __use_two_region_memory                  0x080004e5   Thumb Code     2  heapauxi.o(.text)
    __rt_heap_escrow                         0x080004e7   Thumb Code     2  heapauxi.o(.text)
    __rt_heap_expand                         0x080004e9   Thumb Code     2  heapauxi.o(.text)
    _printf_char_file                        0x080004ed   Thumb Code    32  _printf_char_file.o(.text)
    abort                                    0x08000511   Thumb Code    22  abort.o(.text)
    _ttywrch                                 0x08000527   Thumb Code    14  sys_wrch.o(.text)
    _sys_exit                                0x08000535   Thumb Code     8  sys_exit.o(.text)
    _printf_char_common                      0x0800054b   Thumb Code    32  _printf_char_common.o(.text)
    ferror                                   0x08000571   Thumb Code     8  ferror.o(.text)
    _initio                                  0x08000579   Thumb Code   210  initio.o(.text)
    _terminateio                             0x0800064b   Thumb Code    56  initio.o(.text)
    __rt_SIGABRT                             0x080006b1   Thumb Code    14  defsig_abrt_outer.o(.text)
    __I$use$semihosting                      0x080006bf   Thumb Code     0  use_no_semi.o(.text)
    __use_no_semihosting_swi                 0x080006bf   Thumb Code     2  use_no_semi.o(.text)
    __semihosting_library_function           0x080006c1   Thumb Code     0  indicate_semi.o(.text)
    __user_setup_stackheap                   0x080006c1   Thumb Code    74  sys_stackheap_outer.o(.text)
    free                                     0x0800070b   Thumb Code    78  h1_free.o(.text)
    __printf                                 0x08000759   Thumb Code    40  __printf_nopercent.o(.text)
    __flsbuf                                 0x08000781   Thumb Code   470  flsbuf.o(.text)
    __flsbuf_byte                            0x08000781   Thumb Code     0  flsbuf.o(.text)
    __flsbuf_wide                            0x08000781   Thumb Code     0  flsbuf.o(.text)
    setvbuf                                  0x08000957   Thumb Code    70  setvbuf.o(.text)
    freopen                                  0x0800099d   Thumb Code   160  fopen.o(.text)
    fopen                                    0x08000a3d   Thumb Code    74  fopen.o(.text)
    _fclose_internal                         0x08000a8d   Thumb Code    76  fclose.o(.text)
    fclose                                   0x08000a8d   Thumb Code     0  fclose.o(.text)
    exit                                     0x08000ad9   Thumb Code    18  exit.o(.text)
    __sig_exit                               0x08000aeb   Thumb Code    10  defsig_exit.o(.text)
    __rt_SIGABRT_inner                       0x08000af5   Thumb Code    14  defsig_abrt_inner.o(.text)
    __rt_SIGRTRED                            0x08000b25   Thumb Code    14  defsig_rtred_outer.o(.text)
    __aeabi_memclr4                          0x08000b33   Thumb Code     0  rt_memclr_w.o(.text)
    __aeabi_memclr8                          0x08000b33   Thumb Code     0  rt_memclr_w.o(.text)
    __rt_memclr_w                            0x08000b33   Thumb Code    78  rt_memclr_w.o(.text)
    _memset_w                                0x08000b37   Thumb Code     0  rt_memclr_w.o(.text)
    __user_libspace                          0x08000b81   Thumb Code     8  libspace.o(.text)
    __user_perproc_libspace                  0x08000b81   Thumb Code     0  libspace.o(.text)
    __user_perthread_libspace                0x08000b81   Thumb Code     0  libspace.o(.text)
    __rt_heap_descriptor                     0x08000b89   Thumb Code     8  rt_heap_descriptor_intlibspace.o(.text)
    __use_no_heap                            0x08000b91   Thumb Code     2  hguard.o(.text)
    __heap$guard                             0x08000b93   Thumb Code     2  hguard.o(.text)
    _terminate_user_alloc                    0x08000b95   Thumb Code     2  init_alloc.o(.text)
    _init_user_alloc                         0x08000b97   Thumb Code     2  init_alloc.o(.text)
    __Heap_Full                              0x08000b99   Thumb Code    34  init_alloc.o(.text)
    __Heap_Broken                            0x08000bbb   Thumb Code     6  init_alloc.o(.text)
    _init_alloc                              0x08000bc1   Thumb Code    94  init_alloc.o(.text)
    malloc                                   0x08000c1f   Thumb Code    94  h1_alloc.o(.text)
    _fseek                                   0x08000c7d   Thumb Code   242  fseek.o(.text)
    fseek                                    0x08000c7d   Thumb Code     0  fseek.o(.text)
    _seterr                                  0x08000d75   Thumb Code    20  stdio.o(.text)
    _writebuf                                0x08000d89   Thumb Code    84  stdio.o(.text)
    _fflush                                  0x08000ddd   Thumb Code    70  stdio.o(.text)
    _deferredlazyseek                        0x08000e23   Thumb Code    60  stdio.o(.text)
    __default_signal_display                 0x08000e65   Thumb Code    50  defsig_general.o(.text)
    __rt_SIGRTRED_inner                      0x08000e99   Thumb Code    14  defsig_rtred_inner.o(.text)
    __assert_puts                            0x08000ecd   Thumb Code    18  assert_stdio.o(.text)
    __Heap_Initialize                        0x08000ee5   Thumb Code    10  h1_init.o(.text)
    _maybe_terminate_alloc                   0x08000ee5   Thumb Code     0  maybetermalloc1.o(.text)
    __Heap_DescSize                          0x08000eef   Thumb Code     4  h1_init.o(.text)
    __Heap_ProvideMemory                     0x08000ef3   Thumb Code    52  h1_extend.o(.text)
    _do_fflush                               0x08000f29   Thumb Code    54  fflush.o(.text)
    fflush                                   0x08000f5f   Thumb Code    42  fflush.o(.text)
    fputs                                    0x08000f8d   Thumb Code    34  fputs.o(.text)
    _ftell_internal                          0x08000faf   Thumb Code    66  ftell.o(.text)
    ftell                                    0x08000faf   Thumb Code     0  ftell.o(.text)
    __rt_SIGRTMEM                            0x08000ff1   Thumb Code    14  defsig_rtmem_outer.o(.text)
    __aeabi_errno_addr                       0x08001001   Thumb Code     8  rt_errno_addr_intlibspace.o(.text)
    __errno$intlibspace                      0x08001001   Thumb Code     0  rt_errno_addr_intlibspace.o(.text)
    __rt_errno_addr$intlibspace              0x08001001   Thumb Code     0  rt_errno_addr_intlibspace.o(.text)
    __rt_SIGRTMEM_inner                      0x08001009   Thumb Code    22  defsig_rtmem_inner.o(.text)
    HAL_GPIO_Init                            0x08001059   Thumb Code   452  stm32f4xx_hal_gpio.o(.text.HAL_GPIO_Init)
    HAL_Init                                 0x0800121d   Thumb Code    46  stm32f4xx_hal.o(.text.HAL_Init)
    HAL_InitTick                             0x0800124d   Thumb Code    72  stm32f4xx_hal.o(.text.HAL_InitTick)
    HAL_MspInit                              0x08001295   Thumb Code     2  stm32f4xx_hal.o(.text.HAL_MspInit)
    HAL_NVIC_EnableIRQ                       0x08001299   Thumb Code    32  stm32f4xx_hal_cortex.o(.text.HAL_NVIC_EnableIRQ)
    HAL_NVIC_SetPriority                     0x080012b9   Thumb Code    86  stm32f4xx_hal_cortex.o(.text.HAL_NVIC_SetPriority)
    HAL_NVIC_SetPriorityGrouping             0x08001311   Thumb Code    32  stm32f4xx_hal_cortex.o(.text.HAL_NVIC_SetPriorityGrouping)
    HAL_RCC_GetPCLK1Freq                     0x08001331   Thumb Code    38  stm32f4xx_hal_rcc.o(.text.HAL_RCC_GetPCLK1Freq)
    HAL_RCC_GetPCLK2Freq                     0x08001359   Thumb Code    38  stm32f4xx_hal_rcc.o(.text.HAL_RCC_GetPCLK2Freq)
    HAL_SYSTICK_Config                       0x08001381   Thumb Code    44  stm32f4xx_hal_cortex.o(.text.HAL_SYSTICK_Config)
    HAL_UART_Init                            0x080013ad   Thumb Code    94  stm32f4xx_hal_uart.o(.text.HAL_UART_Init)
    HAL_UART_MspInit                         0x0800140d   Thumb Code   144  usart.o(.text.HAL_UART_MspInit)
    RingBuffer_GetChar                       0x0800149d   Thumb Code    96  ring_buffer.o(.text.RingBuffer_GetChar)
    RingBuffer_Init                          0x080014fd   Thumb Code   116  ring_buffer.o(.text.RingBuffer_Init)
    RingBuffer_PutChar                       0x08001571   Thumb Code    68  ring_buffer.o(.text.RingBuffer_PutChar)
    SysTick_Handler                          0x080015b5   Thumb Code    16  delay.o(.text.SysTick_Handler)
    SystemInit                               0x080015c5   Thumb Code    18  system_stm32f4xx.o(.text.SystemInit)
    USART1_IRQHandler                        0x080016bd   Thumb Code   134  usart.o(.text.USART1_IRQHandler)
    USART_GetChar                            0x08001745   Thumb Code    16  usart.o(.text.USART_GetChar)
    USART_Init                               0x08001755   Thumb Code   284  usart.o(.text.USART_Init)
    USART_PutChar                            0x08001871   Thumb Code    40  usart.o(.text.USART_PutChar)
    USART_WriteString                        0x08001899   Thumb Code    66  usart.o(.text.USART_WriteString)
    _sys_close                               0x080018dd   Thumb Code    18  retarget_io.o(.text._sys_close)
    _sys_flen                                0x080018f1   Thumb Code     4  retarget_io.o(.text._sys_flen)
    _sys_istty                               0x080018f5   Thumb Code    16  retarget_io.o(.text._sys_istty)
    _sys_open                                0x08001905   Thumb Code    92  retarget_io.o(.text._sys_open)
    _sys_seek                                0x08001961   Thumb Code     6  retarget_io.o(.text._sys_seek)
    _sys_write                               0x08001969   Thumb Code   480  retarget_io.o(.text._sys_write)
    main                                     0x08001b49   Thumb Code   148  main.o(.text.main)
    fputc                                    0x08001bdd   Thumb Code    26  fputc.o(i.fputc)
    _fp_init                                 0x08001bf7   Thumb Code    26  fpinit.o(x$fpl$fpinit)
    __fplib_config_fpu_vfp                   0x08001c0f   Thumb Code     0  fpinit.o(x$fpl$fpinit)
    __fplib_config_pureend_doubles           0x08001c0f   Thumb Code     0  fpinit.o(x$fpl$fpinit)
    APBPrescTable                            0x08001c10   Data           8  system_stm32f4xx.o(.rodata.APBPrescTable)
    __stderr_name                            0x08001c18   Data           8  retarget_io.o(.rodata.__stderr_name)
    __stdin_name                             0x08001c20   Data           7  retarget_io.o(.rodata.__stdin_name)
    __stdout_name                            0x08001c27   Data           8  retarget_io.o(.rodata.__stdout_name)
    Region$$Table$$Base                      0x08001c54   Number         0  anon$$obj.o(Region$$Table)
    Region$$Table$$Limit                     0x08001c74   Number         0  anon$$obj.o(Region$$Table)
    __aeabi_stdin                            0x20000000   Data           4  stdio_streams.o(.data)
    __aeabi_stdout                           0x20000004   Data           4  stdio_streams.o(.data)
    __aeabi_stderr                           0x20000008   Data           4  stdio_streams.o(.data)
    uwTickFreq                               0x2000000c   Data           1  stm32f4xx_hal.o(.data..L_MergedGlobals)
    uwTickPrio                               0x20000010   Data           4  stm32f4xx_hal.o(.data..L_MergedGlobals)
    SystemCoreClock                          0x20000014   Data           4  system_stm32f4xx.o(.data.SystemCoreClock)
    __stdin                                  0x20000018   Data          84  stdio_streams.o(.bss)
    __stdout                                 0x2000006c   Data          84  stdio_streams.o(.bss)
    __stderr                                 0x200000c0   Data          84  stdio_streams.o(.bss)
    __libspace_start                         0x20000114   Data          96  libspace.o(.bss)
    __temporary_stack_top$libspace           0x20000174   Data           0  libspace.o(.bss)
    msTicks                                  0x200009e0   Data           4  delay.o(.bss.msTicks)



==============================================================================

Memory Map of the image

  Image Entry point : 0x080001ad

  Load Region LR_IROM1 (Base: 0x08000000, Size: 0x00001c90, Max: 0x00200000, ABSOLUTE)

    Execution Region ER_IROM1 (Exec base: 0x08000000, Load base: 0x08000000, Size: 0x00001c74, Max: 0x00200000, ABSOLUTE)

    Exec Addr    Load Addr    Size         Type   Attr      Idx    E Section Name        Object

    0x08000000   0x08000000   0x000001ac   Data   RO          117    RESET               startup_stm32f429xx.o
    0x080001ac   0x080001ac   0x00000008   Code   RO          684  * !!!main             c_w.l(__main.o)
    0x080001b4   0x080001b4   0x00000034   Code   RO         1047    !!!scatter          c_w.l(__scatter.o)
    0x080001e8   0x080001e8   0x0000001a   Code   RO         1049    !!handler_copy      c_w.l(__scatter_copy.o)
    0x08000202   0x08000202   0x00000002   PAD
    0x08000204   0x08000204   0x0000001c   Code   RO         1051    !!handler_zi        c_w.l(__scatter_zi.o)
    0x08000220   0x08000220   0x00000002   Code   RO          849    .ARM.Collect$$libinit$$00000000  c_w.l(libinit.o)
    0x08000222   0x08000222   0x00000004   Code   RO          850    .ARM.Collect$$libinit$$00000001  c_w.l(libinit2.o)
    0x08000226   0x08000226   0x00000000   Code   RO          853    .ARM.Collect$$libinit$$00000004  c_w.l(libinit2.o)
    0x08000226   0x08000226   0x00000008   Code   RO          854    .ARM.Collect$$libinit$$00000005  c_w.l(libinit2.o)
    0x0800022e   0x0800022e   0x00000000   Code   RO          856    .ARM.Collect$$libinit$$0000000A  c_w.l(libinit2.o)
    0x0800022e   0x0800022e   0x00000000   Code   RO          858    .ARM.Collect$$libinit$$0000000C  c_w.l(libinit2.o)
    0x0800022e   0x0800022e   0x00000000   Code   RO          860    .ARM.Collect$$libinit$$0000000E  c_w.l(libinit2.o)
    0x0800022e   0x0800022e   0x00000000   Code   RO          863    .ARM.Collect$$libinit$$00000011  c_w.l(libinit2.o)
    0x0800022e   0x0800022e   0x00000000   Code   RO          865    .ARM.Collect$$libinit$$00000013  c_w.l(libinit2.o)
    0x0800022e   0x0800022e   0x00000000   Code   RO          867    .ARM.Collect$$libinit$$00000015  c_w.l(libinit2.o)
    0x0800022e   0x0800022e   0x00000000   Code   RO          869    .ARM.Collect$$libinit$$00000017  c_w.l(libinit2.o)
    0x0800022e   0x0800022e   0x00000000   Code   RO          871    .ARM.Collect$$libinit$$00000019  c_w.l(libinit2.o)
    0x0800022e   0x0800022e   0x00000000   Code   RO          873    .ARM.Collect$$libinit$$0000001B  c_w.l(libinit2.o)
    0x0800022e   0x0800022e   0x00000000   Code   RO          875    .ARM.Collect$$libinit$$0000001D  c_w.l(libinit2.o)
    0x0800022e   0x0800022e   0x00000000   Code   RO          877    .ARM.Collect$$libinit$$0000001F  c_w.l(libinit2.o)
    0x0800022e   0x0800022e   0x00000000   Code   RO          879    .ARM.Collect$$libinit$$00000021  c_w.l(libinit2.o)
    0x0800022e   0x0800022e   0x00000000   Code   RO          881    .ARM.Collect$$libinit$$00000023  c_w.l(libinit2.o)
    0x0800022e   0x0800022e   0x00000004   Code   RO          882    .ARM.Collect$$libinit$$00000024  c_w.l(libinit2.o)
    0x08000232   0x08000232   0x00000000   Code   RO          883    .ARM.Collect$$libinit$$00000025  c_w.l(libinit2.o)
    0x08000232   0x08000232   0x00000000   Code   RO          887    .ARM.Collect$$libinit$$0000002C  c_w.l(libinit2.o)
    0x08000232   0x08000232   0x00000000   Code   RO          889    .ARM.Collect$$libinit$$0000002E  c_w.l(libinit2.o)
    0x08000232   0x08000232   0x00000000   Code   RO          891    .ARM.Collect$$libinit$$00000030  c_w.l(libinit2.o)
    0x08000232   0x08000232   0x00000000   Code   RO          893    .ARM.Collect$$libinit$$00000032  c_w.l(libinit2.o)
    0x08000232   0x08000232   0x00000002   Code   RO          894    .ARM.Collect$$libinit$$00000033  c_w.l(libinit2.o)
    0x08000234   0x08000234   0x00000002   Code   RO         1040    .ARM.Collect$$libshutdown$$00000000  c_w.l(libshutdown.o)
    0x08000236   0x08000236   0x00000000   Code   RO          896    .ARM.Collect$$libshutdown$$00000002  c_w.l(libshutdown2.o)
    0x08000236   0x08000236   0x00000004   Code   RO          897    .ARM.Collect$$libshutdown$$00000003  c_w.l(libshutdown2.o)
    0x0800023a   0x0800023a   0x00000000   Code   RO          898    .ARM.Collect$$libshutdown$$00000004  c_w.l(libshutdown2.o)
    0x0800023a   0x0800023a   0x00000000   Code   RO          901    .ARM.Collect$$libshutdown$$00000007  c_w.l(libshutdown2.o)
    0x0800023a   0x0800023a   0x00000000   Code   RO          904    .ARM.Collect$$libshutdown$$0000000A  c_w.l(libshutdown2.o)
    0x0800023a   0x0800023a   0x00000000   Code   RO          906    .ARM.Collect$$libshutdown$$0000000C  c_w.l(libshutdown2.o)
    0x0800023a   0x0800023a   0x00000000   Code   RO          909    .ARM.Collect$$libshutdown$$0000000F  c_w.l(libshutdown2.o)
    0x0800023a   0x0800023a   0x00000002   Code   RO          910    .ARM.Collect$$libshutdown$$00000010  c_w.l(libshutdown2.o)
    0x0800023c   0x0800023c   0x00000000   Code   RO          686    .ARM.Collect$$rtentry$$00000000  c_w.l(__rtentry.o)
    0x0800023c   0x0800023c   0x00000000   Code   RO          712    .ARM.Collect$$rtentry$$00000002  c_w.l(__rtentry2.o)
    0x0800023c   0x0800023c   0x00000006   Code   RO          724    .ARM.Collect$$rtentry$$00000004  c_w.l(__rtentry4.o)
    0x08000242   0x08000242   0x00000000   Code   RO          714    .ARM.Collect$$rtentry$$00000009  c_w.l(__rtentry2.o)
    0x08000242   0x08000242   0x00000004   Code   RO          715    .ARM.Collect$$rtentry$$0000000A  c_w.l(__rtentry2.o)
    0x08000246   0x08000246   0x00000000   Code   RO          717    .ARM.Collect$$rtentry$$0000000C  c_w.l(__rtentry2.o)
    0x08000246   0x08000246   0x00000008   Code   RO          718    .ARM.Collect$$rtentry$$0000000D  c_w.l(__rtentry2.o)
    0x0800024e   0x0800024e   0x00000002   Code   RO          916    .ARM.Collect$$rtexit$$00000000  c_w.l(rtexit.o)
    0x08000250   0x08000250   0x00000000   Code   RO          970    .ARM.Collect$$rtexit$$00000002  c_w.l(rtexit2.o)
    0x08000250   0x08000250   0x00000004   Code   RO          971    .ARM.Collect$$rtexit$$00000003  c_w.l(rtexit2.o)
    0x08000254   0x08000254   0x00000006   Code   RO          972    .ARM.Collect$$rtexit$$00000004  c_w.l(rtexit2.o)
    0x0800025a   0x0800025a   0x00000002   PAD
    0x0800025c   0x0800025c   0x00000040   Code   RO          118    .text               startup_stm32f429xx.o
    0x0800029c   0x0800029c   0x000000f0   Code   RO          670    .text               c_w.l(lludivv7m.o)
    0x0800038c   0x0800038c   0x00000018   Code   RO          674    .text               c_w.l(noretval__2printf.o)
    0x080003a4   0x080003a4   0x00000080   Code   RO          676    .text               c_w.l(assert.o)
    0x08000424   0x08000424   0x0000003e   Code   RO          678    .text               c_w.l(strlen.o)
    0x08000462   0x08000462   0x00000006   PAD
    0x08000468   0x08000468   0x0000007c   Code   RO          680    .text               c_w.l(strcmpv7em.o)
    0x080004e4   0x080004e4   0x00000006   Code   RO          682    .text               c_w.l(heapauxi.o)
    0x080004ea   0x080004ea   0x00000002   PAD
    0x080004ec   0x080004ec   0x00000024   Code   RO          691    .text               c_w.l(_printf_char_file.o)
    0x08000510   0x08000510   0x00000016   Code   RO          699    .text               c_w.l(abort.o)
    0x08000526   0x08000526   0x0000000e   Code   RO          703    .text               c_w.l(sys_wrch.o)
    0x08000534   0x08000534   0x0000000c   Code   RO          705    .text               c_w.l(sys_exit.o)
    0x08000540   0x08000540   0x00000030   Code   RO          728    .text               c_w.l(_printf_char_common.o)
    0x08000570   0x08000570   0x00000008   Code   RO          730    .text               c_w.l(ferror.o)
    0x08000578   0x08000578   0x00000138   Code   RO          736    .text               c_w.l(initio.o)
    0x080006b0   0x080006b0   0x0000000e   Code   RO          744    .text               c_w.l(defsig_abrt_outer.o)
    0x080006be   0x080006be   0x00000002   Code   RO          748    .text               c_w.l(use_no_semi.o)
    0x080006c0   0x080006c0   0x00000000   Code   RO          752    .text               c_w.l(indicate_semi.o)
    0x080006c0   0x080006c0   0x0000004a   Code   RO          753    .text               c_w.l(sys_stackheap_outer.o)
    0x0800070a   0x0800070a   0x0000004e   Code   RO          759    .text               c_w.l(h1_free.o)
    0x08000758   0x08000758   0x00000028   Code   RO          813    .text               c_w.l(__printf_nopercent.o)
    0x08000780   0x08000780   0x000001d6   Code   RO          815    .text               c_w.l(flsbuf.o)
    0x08000956   0x08000956   0x00000046   Code   RO          817    .text               c_w.l(setvbuf.o)
    0x0800099c   0x0800099c   0x000000f0   Code   RO          820    .text               c_w.l(fopen.o)
    0x08000a8c   0x08000a8c   0x0000004c   Code   RO          822    .text               c_w.l(fclose.o)
    0x08000ad8   0x08000ad8   0x00000012   Code   RO          828    .text               c_w.l(exit.o)
    0x08000aea   0x08000aea   0x0000000a   Code   RO          830    .text               c_w.l(defsig_exit.o)
    0x08000af4   0x08000af4   0x00000030   Code   RO          832    .text               c_w.l(defsig_abrt_inner.o)
    0x08000b24   0x08000b24   0x0000000e   Code   RO          838    .text               c_w.l(defsig_rtred_outer.o)
    0x08000b32   0x08000b32   0x0000004e   Code   RO          842    .text               c_w.l(rt_memclr_w.o)
    0x08000b80   0x08000b80   0x00000008   Code   RO          913    .text               c_w.l(libspace.o)
    0x08000b88   0x08000b88   0x00000008   Code   RO          921    .text               c_w.l(rt_heap_descriptor_intlibspace.o)
    0x08000b90   0x08000b90   0x00000004   Code   RO          923    .text               c_w.l(hguard.o)
    0x08000b94   0x08000b94   0x0000008a   Code   RO          925    .text               c_w.l(init_alloc.o)
    0x08000c1e   0x08000c1e   0x0000005e   Code   RO          931    .text               c_w.l(h1_alloc.o)
    0x08000c7c   0x08000c7c   0x000000f8   Code   RO          945    .text               c_w.l(fseek.o)
    0x08000d74   0x08000d74   0x000000f0   Code   RO          947    .text               c_w.l(stdio.o)
    0x08000e64   0x08000e64   0x00000032   Code   RO          955    .text               c_w.l(defsig_general.o)
    0x08000e96   0x08000e96   0x00000002   PAD
    0x08000e98   0x08000e98   0x00000034   Code   RO          959    .text               c_w.l(defsig_rtred_inner.o)
    0x08000ecc   0x08000ecc   0x00000018   Code   RO          961    .text               c_w.l(assert_stdio.o)
    0x08000ee4   0x08000ee4   0x00000000   Code   RO          976    .text               c_w.l(maybetermalloc1.o)
    0x08000ee4   0x08000ee4   0x0000000e   Code   RO          978    .text               c_w.l(h1_init.o)
    0x08000ef2   0x08000ef2   0x00000034   Code   RO          980    .text               c_w.l(h1_extend.o)
    0x08000f26   0x08000f26   0x00000002   PAD
    0x08000f28   0x08000f28   0x00000064   Code   RO          986    .text               c_w.l(fflush.o)
    0x08000f8c   0x08000f8c   0x00000022   Code   RO          988    .text               c_w.l(fputs.o)
    0x08000fae   0x08000fae   0x00000042   Code   RO          990    .text               c_w.l(ftell.o)
    0x08000ff0   0x08000ff0   0x0000000e   Code   RO          996    .text               c_w.l(defsig_rtmem_outer.o)
    0x08000ffe   0x08000ffe   0x00000002   PAD
    0x08001000   0x08001000   0x00000008   Code   RO         1020    .text               c_w.l(rt_errno_addr_intlibspace.o)
    0x08001008   0x08001008   0x00000050   Code   RO         1026    .text               c_w.l(defsig_rtmem_inner.o)
    0x08001058   0x08001058   0x000001c4   Code   RO          306    .text.HAL_GPIO_Init  stm32f4xx_hal_gpio.o
    0x0800121c   0x0800121c   0x0000002e   Code   RO          141    .text.HAL_Init      stm32f4xx_hal.o
    0x0800124a   0x0800124a   0x00000002   PAD
    0x0800124c   0x0800124c   0x00000048   Code   RO          143    .text.HAL_InitTick  stm32f4xx_hal.o
    0x08001294   0x08001294   0x00000002   Code   RO          145    .text.HAL_MspInit   stm32f4xx_hal.o
    0x08001296   0x08001296   0x00000002   PAD
    0x08001298   0x08001298   0x00000020   Code   RO          214    .text.HAL_NVIC_EnableIRQ  stm32f4xx_hal_cortex.o
    0x080012b8   0x080012b8   0x00000056   Code   RO          212    .text.HAL_NVIC_SetPriority  stm32f4xx_hal_cortex.o
    0x0800130e   0x0800130e   0x00000002   PAD
    0x08001310   0x08001310   0x00000020   Code   RO          210    .text.HAL_NVIC_SetPriorityGrouping  stm32f4xx_hal_cortex.o
    0x08001330   0x08001330   0x00000026   Code   RO          417    .text.HAL_RCC_GetPCLK1Freq  stm32f4xx_hal_rcc.o
    0x08001356   0x08001356   0x00000002   PAD
    0x08001358   0x08001358   0x00000026   Code   RO          419    .text.HAL_RCC_GetPCLK2Freq  stm32f4xx_hal_rcc.o
    0x0800137e   0x0800137e   0x00000002   PAD
    0x08001380   0x08001380   0x0000002c   Code   RO          222    .text.HAL_SYSTICK_Config  stm32f4xx_hal_cortex.o
    0x080013ac   0x080013ac   0x0000005e   Code   RO          463    .text.HAL_UART_Init  stm32f4xx_hal_uart.o
    0x0800140a   0x0800140a   0x00000002   PAD
    0x0800140c   0x0800140c   0x00000090   Code   RO           43    .text.HAL_UART_MspInit  usart.o
    0x0800149c   0x0800149c   0x00000060   Code   RO           73    .text.RingBuffer_GetChar  ring_buffer.o
    0x080014fc   0x080014fc   0x00000074   Code   RO           61    .text.RingBuffer_Init  ring_buffer.o
    0x08001570   0x08001570   0x00000044   Code   RO           71    .text.RingBuffer_PutChar  ring_buffer.o
    0x080015b4   0x080015b4   0x00000010   Code   RO           16    .text.SysTick_Handler  delay.o
    0x080015c4   0x080015c4   0x00000012   Code   RO          125    .text.SystemInit    system_stm32f4xx.o
    0x080015d6   0x080015d6   0x00000002   PAD
    0x080015d8   0x080015d8   0x000000e2   Code   RO          467    .text.UART_SetConfig  stm32f4xx_hal_uart.o
    0x080016ba   0x080016ba   0x00000002   PAD
    0x080016bc   0x080016bc   0x00000086   Code   RO           41    .text.USART1_IRQHandler  usart.o
    0x08001742   0x08001742   0x00000002   PAD
    0x08001744   0x08001744   0x00000010   Code   RO           35    .text.USART_GetChar  usart.o
    0x08001754   0x08001754   0x0000011c   Code   RO           47    .text.USART_Init    usart.o
    0x08001870   0x08001870   0x00000028   Code   RO           29    .text.USART_PutChar  usart.o
    0x08001898   0x08001898   0x00000042   Code   RO           33    .text.USART_WriteString  usart.o
    0x080018da   0x080018da   0x00000002   PAD
    0x080018dc   0x080018dc   0x00000012   Code   RO           91    .text._sys_close    retarget_io.o
    0x080018ee   0x080018ee   0x00000002   PAD
    0x080018f0   0x080018f0   0x00000004   Code   RO          101    .text._sys_flen     retarget_io.o
    0x080018f4   0x080018f4   0x00000010   Code   RO           97    .text._sys_istty    retarget_io.o
    0x08001904   0x08001904   0x0000005c   Code   RO           89    .text._sys_open     retarget_io.o
    0x08001960   0x08001960   0x00000006   Code   RO           99    .text._sys_seek     retarget_io.o
    0x08001966   0x08001966   0x00000002   PAD
    0x08001968   0x08001968   0x000001e0   Code   RO           93    .text._sys_write    retarget_io.o
    0x08001b48   0x08001b48   0x00000094   Code   RO            2    .text.main          main.o
    0x08001bdc   0x08001bdc   0x0000001a   Code   RO          733    i.fputc             c_w.l(fputc.o)
    0x08001bf6   0x08001bf6   0x0000001a   Code   RO          967    x$fpl$fpinit        fz_wm.l(fpinit.o)
    0x08001c10   0x08001c10   0x00000008   Data   RO          131    .rodata.APBPrescTable  system_stm32f4xx.o
    0x08001c18   0x08001c18   0x00000008   Data   RO          106    .rodata.__stderr_name  retarget_io.o
    0x08001c20   0x08001c20   0x00000007   Data   RO          104    .rodata.__stdin_name  retarget_io.o
    0x08001c27   0x08001c27   0x00000008   Data   RO          105    .rodata.__stdout_name  retarget_io.o
    0x08001c2f   0x08001c2f   0x00000025   Data   RO           75    .rodata.str1.1      ring_buffer.o
    0x08001c54   0x08001c54   0x00000020   Data   RO         1046    Region$$Table       anon$$obj.o


    Execution Region RW_IRAM1 (Exec base: 0x20000000, Load base: 0x08001c78, Size: 0x00000fe8, Max: 0x00030000, ABSOLUTE)

    Exec Addr    Load Addr    Size         Type   Attr      Idx    E Section Name        Object

    0x20000000   0x08001c78   0x00000004   Data   RW          696    .data               c_w.l(stdio_streams.o)
    0x20000004   0x08001c7c   0x00000004   Data   RW          697    .data               c_w.l(stdio_streams.o)
    0x20000008   0x08001c80   0x00000004   Data   RW          698    .data               c_w.l(stdio_streams.o)
    0x2000000c   0x08001c84   0x00000008   Data   RW          200    .data..L_MergedGlobals  stm32f4xx_hal.o
    0x20000014   0x08001c8c   0x00000004   Data   RW          129    .data.SystemCoreClock  system_stm32f4xx.o
    0x20000018        -       0x00000054   Zero   RW          693    .bss                c_w.l(stdio_streams.o)
    0x2000006c        -       0x00000054   Zero   RW          694    .bss                c_w.l(stdio_streams.o)
    0x200000c0        -       0x00000054   Zero   RW          695    .bss                c_w.l(stdio_streams.o)
    0x20000114        -       0x00000060   Zero   RW          914    .bss                c_w.l(libspace.o)
    0x20000174        -       0x0000006c   Zero   RW           51    .bss..L_MergedGlobals  usart.o
    0x200001e0        -       0x00000400   Zero   RW           50    .bss.RingBufferData_Rx  usart.o
    0x200005e0        -       0x00000400   Zero   RW           49    .bss.RingBufferData_Tx  usart.o
    0x200009e0        -       0x00000004   Zero   RW           20    .bss.msTicks        delay.o
    0x200009e4   0x08001c90   0x00000004   PAD
    0x200009e8        -       0x00000200   Zero   RW          116    HEAP                startup_stm32f429xx.o
    0x20000be8        -       0x00000400   Zero   RW          115    STACK               startup_stm32f429xx.o


==============================================================================

Image component sizes


      Code (inc. data)   RO Data    RW Data    ZI Data      Debug   Object Name

        16          0          0          0          4        734   delay.o
       148         16          0          0          0       2596   main.o
       616          0         23          0          0       3793   retarget_io.o
       280         36         37          0          0       2268   ring_buffer.o
        64         26        428          0       1536        920   startup_stm32f429xx.o
       120          0          0          8          0       7964   stm32f4xx_hal.o
       194          0          0          0          0      10486   stm32f4xx_hal_cortex.o
       452          0          0          0          0       5770   stm32f4xx_hal_gpio.o
        76          0          0          0          0       7500   stm32f4xx_hal_rcc.o
       320          0          0          0          0      30142   stm32f4xx_hal_uart.o
        18          0          8          4          0       2781   system_stm32f4xx.o
       684         20          0          0       2156       9646   usart.o

    ----------------------------------------------------------------------
      3012         98        528         12       3700      84600   Object Totals
         0          0         32          0          0          0   (incl. Generated)
        24          0          0          0          4          0   (incl. Padding)

    ----------------------------------------------------------------------

      Code (inc. data)   RO Data    RW Data    ZI Data      Debug   Library Member Name

         8          0          0          0          0         68   __main.o
        40          0          0          0          0         84   __printf_nopercent.o
         0          0          0          0          0          0   __rtentry.o
        12          0          0          0          0          0   __rtentry2.o
         6          0          0          0          0          0   __rtentry4.o
        52          8          0          0          0          0   __scatter.o
        26          0          0          0          0          0   __scatter_copy.o
        28          0          0          0          0          0   __scatter_zi.o
        48          6          0          0          0         96   _printf_char_common.o
        36          4          0          0          0         80   _printf_char_file.o
        22          0          0          0          0         80   abort.o
       128         42          0          0          0         76   assert.o
        24          6          0          0          0         80   assert_stdio.o
        48         34          0          0          0         76   defsig_abrt_inner.o
        14          0          0          0          0         80   defsig_abrt_outer.o
        10          0          0          0          0         68   defsig_exit.o
        50          0          0          0          0         88   defsig_general.o
        80         58          0          0          0         76   defsig_rtmem_inner.o
        14          0          0          0          0         80   defsig_rtmem_outer.o
        52         38          0          0          0         76   defsig_rtred_inner.o
        14          0          0          0          0         80   defsig_rtred_outer.o
        18          0          0          0          0         80   exit.o
        76          0          0          0          0         88   fclose.o
         8          0          0          0          0         68   ferror.o
       100          4          0          0          0        120   fflush.o
       470          0          0          0          0         88   flsbuf.o
       240          6          0          0          0        128   fopen.o
        26          0          0          0          0         68   fputc.o
        34          0          0          0          0         80   fputs.o
       248          6          0          0          0         84   fseek.o
        66          0          0          0          0         76   ftell.o
        94          0          0          0          0         80   h1_alloc.o
        52          0          0          0          0         68   h1_extend.o
        78          0          0          0          0         80   h1_free.o
        14          0          0          0          0         84   h1_init.o
         6          0          0          0          0        152   heapauxi.o
         4          0          0          0          0        136   hguard.o
         0          0          0          0          0          0   indicate_semi.o
       138          0          0          0          0        168   init_alloc.o
       312         46          0          0          0        112   initio.o
         2          0          0          0          0          0   libinit.o
        18          0          0          0          0          0   libinit2.o
         2          0          0          0          0          0   libshutdown.o
         6          0          0          0          0          0   libshutdown2.o
         8          4          0          0         96         68   libspace.o
       240          0          0          0          0        100   lludivv7m.o
         0          0          0          0          0          0   maybetermalloc1.o
        24          4          0          0          0         84   noretval__2printf.o
         8          4          0          0          0         68   rt_errno_addr_intlibspace.o
         8          4          0          0          0         68   rt_heap_descriptor_intlibspace.o
        78          0          0          0          0         80   rt_memclr_w.o
         2          0          0          0          0          0   rtexit.o
        10          0          0          0          0          0   rtexit2.o
        70          0          0          0          0         80   setvbuf.o
       240          6          0          0          0        156   stdio.o
         0          0          0         12        252          0   stdio_streams.o
       124          0          0          0          0         88   strcmpv7em.o
        62          0          0          0          0         76   strlen.o
        12          4          0          0          0         68   sys_exit.o
        74          0          0          0          0         80   sys_stackheap_outer.o
        14          0          0          0          0         76   sys_wrch.o
         2          0          0          0          0         68   use_no_semi.o
        26          0          0          0          0        116   fpinit.o

    ----------------------------------------------------------------------
      3744        284          0         12        348       4224   Library Totals
        18          0          0          0          0          0   (incl. Padding)

    ----------------------------------------------------------------------

      Code (inc. data)   RO Data    RW Data    ZI Data      Debug   Library Name

      3700        284          0         12        348       4108   c_w.l
        26          0          0          0          0        116   fz_wm.l

    ----------------------------------------------------------------------
      3744        284          0         12        348       4224   Library Totals

    ----------------------------------------------------------------------

==============================================================================


      Code (inc. data)   RO Data    RW Data    ZI Data      Debug   

      6756        382        528         24       4048      86376   Grand Totals
      6756        382        528         24       4048      86376   ELF Image Totals
      6756        382        528         24          0          0   ROM Totals

==============================================================================

    Total RO  Size (Code + RO Data)                 7284 (   7.11kB)
    Total RW  Size (RW Data + ZI Data)              4072 (   3.98kB)
    Total ROM Size (Code + RO Data + RW Data)       7308 (   7.14kB)

==============================================================================

